../Core/Src/stm32h7xx_it.c:74:6:NMI_Handler	4	static
../Core/Src/stm32h7xx_it.c:89:6:HardFault_Handler	8	static
../Core/Src/stm32h7xx_it.c:106:6:MemManage_Handler	4	static
../Core/Src/stm32h7xx_it.c:121:6:BusFault_Handler	4	static
../Core/Src/stm32h7xx_it.c:136:6:UsageFault_Handler	4	static
../Core/Src/stm32h7xx_it.c:151:6:SVC_Handler	4	static
../Core/Src/stm32h7xx_it.c:164:6:DebugMon_Handler	4	static
../Core/Src/stm32h7xx_it.c:177:6:PendSV_Handler	4	static
../Core/Src/stm32h7xx_it.c:190:6:SysTick_Handler	8	static
../Core/Src/stm32h7xx_it.c:211:6:DMA1_Stream0_IRQHandler	8	static
../Core/Src/stm32h7xx_it.c:225:6:TIM1_UP_IRQHandler	8	static
../Core/Src/stm32h7xx_it.c:239:6:TIM2_IRQHandler	8	static
../Core/Src/stm32h7xx_it.c:253:6:EXTI15_10_IRQHandler	8	static
../Core/Src/stm32h7xx_it.c:267:6:TIM8_BRK_TIM12_IRQHandler	8	static
../Core/Src/stm32h7xx_it.c:282:6:TIM8_UP_TIM13_IRQHandler	8	static
../Core/Src/stm32h7xx_it.c:294:6:HAL_TIM_PeriodElapsedCallback	16	static
../Core/Src/stm32h7xx_it.c:328:6:HAL_GPIO_EXTI_Callback	16	static
../Core/Src/stm32h7xx_it.c:335:6:HAL_UARTEx_RxEventCallback	16	static
../Core/Src/stm32h7xx_it.c:352:6:HAL_UART_RxCpltCallback	16	static
