../Core/Src/stm32h7xx_it.c:73:6:NMI_Handler	4	static
../Core/Src/stm32h7xx_it.c:88:6:HardFault_Handler	8	static
../Core/Src/stm32h7xx_it.c:105:6:MemManage_Handler	4	static
../Core/Src/stm32h7xx_it.c:120:6:BusFault_Handler	4	static
../Core/Src/stm32h7xx_it.c:135:6:UsageFault_Handler	4	static
../Core/Src/stm32h7xx_it.c:150:6:SVC_Handler	4	static
../Core/Src/stm32h7xx_it.c:163:6:DebugMon_Handler	4	static
../Core/Src/stm32h7xx_it.c:176:6:PendSV_Handler	4	static
../Core/Src/stm32h7xx_it.c:189:6:SysTick_Handler	8	static
../Core/Src/stm32h7xx_it.c:210:6:TIM1_UP_IRQHandler	8	static
../Core/Src/stm32h7xx_it.c:224:6:TIM2_IRQHandler	8	static
../Core/Src/stm32h7xx_it.c:238:6:EXTI15_10_IRQHandler	8	static
../Core/Src/stm32h7xx_it.c:252:6:TIM8_BRK_TIM12_IRQHandler	8	static
../Core/Src/stm32h7xx_it.c:267:6:TIM8_UP_TIM13_IRQHandler	8	static
../Core/Src/stm32h7xx_it.c:279:6:HAL_TIM_PeriodElapsedCallback	16	static
../Core/Src/stm32h7xx_it.c:313:6:HAL_GPIO_EXTI_Callback	16	static
