14:13:36 **** Clean-only build of configuration Debug for project Nucleo-H7A3ZIQ_Test_01 ****
make -j16 clean 
rm -rf ./Drivers/STM32H7xx_HAL_Driver/Src/stm32h7xx_hal.cyclo ./Drivers/STM32H7xx_HAL_Driver/Src/stm32h7xx_hal.d ./Drivers/STM32H7xx_HAL_Driver/Src/stm32h7xx_hal.o ./Drivers/STM32H7xx_HAL_Driver/Src/stm32h7xx_hal.su ./Drivers/STM32H7xx_HAL_Driver/Src/stm32h7xx_hal_cortex.cyclo ./Drivers/STM32H7xx_HAL_Driver/Src/stm32h7xx_hal_cortex.d ./Drivers/STM32H7xx_HAL_Driver/Src/stm32h7xx_hal_cortex.o ./Drivers/STM32H7xx_HAL_Driver/Src/stm32h7xx_hal_cortex.su ./Drivers/STM32H7xx_HAL_Driver/Src/stm32h7xx_hal_dma.cyclo ./Drivers/STM32H7xx_HAL_Driver/Src/stm32h7xx_hal_dma.d ./Drivers/STM32H7xx_HAL_Driver/Src/stm32h7xx_hal_dma.o ./Drivers/STM32H7xx_HAL_Driver/Src/stm32h7xx_hal_dma.su ./Drivers/STM32H7xx_HAL_Driver/Src/stm32h7xx_hal_dma_ex.cyclo ./Drivers/STM32H7xx_HAL_Driver/Src/stm32h7xx_hal_dma_ex.d ./Drivers/STM32H7xx_HAL_Driver/Src/stm32h7xx_hal_dma_ex.o ./Drivers/STM32H7xx_HAL_Driver/Src/stm32h7xx_hal_dma_ex.su ./Drivers/STM32H7xx_HAL_Driver/Src/stm32h7xx_hal_exti.cyclo ./Drivers/STM32H7xx_HAL_Driver/Src/stm32h7xx_hal_exti.d ./Drivers/STM32H7xx_HAL_Driver/Src/stm32h7xx_hal_exti.o ./Drivers/STM32H7xx_HAL_Driver/Src/stm32h7xx_hal_exti.su ./Drivers/STM32H7xx_HAL_Driver/Src/stm32h7xx_hal_flash.cyclo ./Drivers/STM32H7xx_HAL_Driver/Src/stm32h7xx_hal_flash.d ./Drivers/STM32H7xx_HAL_Driver/Src/stm32h7xx_hal_flash.o ./Drivers/STM32H7xx_HAL_Driver/Src/stm32h7xx_hal_flash.su ./Drivers/STM32H7xx_HAL_Driver/Src/stm32h7xx_hal_flash_ex.cyclo ./Drivers/STM32H7xx_HAL_Driver/Src/stm32h7xx_hal_flash_ex.d ./Drivers/STM32H7xx_HAL_Driver/Src/stm32h7xx_hal_flash_ex.o ./Drivers/STM32H7xx_HAL_Driver/Src/stm32h7xx_hal_flash_ex.su ./Drivers/STM32H7xx_HAL_Driver/Src/stm32h7xx_hal_gpio.cyclo ./Drivers/STM32H7xx_HAL_Driver/Src/stm32h7xx_hal_gpio.d ./Drivers/STM32H7xx_HAL_Driver/Src/stm32h7xx_hal_gpio.o ./Drivers/STM32H7xx_HAL_Driver/Src/stm32h7xx_hal_gpio.su ./Drivers/STM32H7xx_HAL_Driver/Src/stm32h7xx_hal_hsem.cyclo ./Drivers/STM32H7xx_HAL_Driver/Src/stm32h7xx_hal_hsem.d ./Drivers/STM32H7xx_HAL_Driver/Src/stm32h7xx_hal_hsem.o ./Drivers/STM32H7xx_HAL_Driver/Src/stm32h7xx_hal_hsem.su ./Drivers/STM32H7xx_HAL_Driver/Src/stm32h7xx_hal_i2c.cyclo ./Drivers/STM32H7xx_HAL_Driver/Src/stm32h7xx_hal_i2c.d ./Drivers/STM32H7xx_HAL_Driver/Src/stm32h7xx_hal_i2c.o ./Drivers/STM32H7xx_HAL_Driver/Src/stm32h7xx_hal_i2c.su ./Drivers/STM32H7xx_HAL_Driver/Src/stm32h7xx_hal_i2c_ex.cyclo ./Drivers/STM32H7xx_HAL_Driver/Src/stm32h7xx_hal_i2c_ex.d ./Drivers/STM32H7xx_HAL_Driver/Src/stm32h7xx_hal_i2c_ex.o ./Drivers/STM32H7xx_HAL_Driver/Src/stm32h7xx_hal_i2c_ex.su ./Drivers/STM32H7xx_HAL_Driver/Src/stm32h7xx_hal_mdma.cyclo ./Drivers/STM32H7xx_HAL_Driver/Src/stm32h7xx_hal_mdma.d ./Drivers/STM32H7xx_HAL_Driver/Src/stm32h7xx_hal_mdma.o ./Drivers/STM32H7xx_HAL_Driver/Src/stm32h7xx_hal_mdma.su ./Drivers/STM32H7xx_HAL_Driver/Src/stm32h7xx_hal_pwr.cyclo ./Drivers/STM32H7xx_HAL_Driver/Src/stm32h7xx_hal_pwr.d ./Drivers/STM32H7xx_HAL_Driver/Src/stm32h7xx_hal_pwr.o ./Drivers/STM32H7xx_HAL_Driver/Src/stm32h7xx_hal_pwr.su ./Drivers/STM32H7xx_HAL_Driver/Src/stm32h7xx_hal_pwr_ex.cyclo ./Drivers/STM32H7xx_HAL_Driver/Src/stm32h7xx_hal_pwr_ex.d ./Drivers/STM32H7xx_HAL_Driver/Src/stm32h7xx_hal_pwr_ex.o ./Drivers/STM32H7xx_HAL_Driver/Src/stm32h7xx_hal_pwr_ex.su ./Drivers/STM32H7xx_HAL_Driver/Src/stm32h7xx_hal_rcc.cyclo ./Drivers/STM32H7xx_HAL_Driver/Src/stm32h7xx_hal_rcc.d ./Drivers/STM32H7xx_HAL_Driver/Src/stm32h7xx_hal_rcc.o ./Drivers/STM32H7xx_HAL_Driver/Src/stm32h7xx_hal_rcc.su ./Drivers/STM32H7xx_HAL_Driver/Src/stm32h7xx_hal_rcc_ex.cyclo ./Drivers/STM32H7xx_HAL_Driver/Src/stm32h7xx_hal_rcc_ex.d ./Drivers/STM32H7xx_HAL_Driver/Src/stm32h7xx_hal_rcc_ex.o ./Drivers/STM32H7xx_HAL_Driver/Src/stm32h7xx_hal_rcc_ex.su ./Drivers/STM32H7xx_HAL_Driver/Src/stm32h7xx_hal_tim.cyclo ./Drivers/STM32H7xx_HAL_Driver/Src/stm32h7xx_hal_tim.d ./Drivers/STM32H7xx_HAL_Driver/Src/stm32h7xx_hal_tim.o ./Drivers/STM32H7xx_HAL_Driver/Src/stm32h7xx_hal_tim.su ./Drivers/STM32H7xx_HAL_Driver/Src/stm32h7xx_hal_tim_ex.cyclo ./Drivers/STM32H7xx_HAL_Driver/Src/stm32h7xx_hal_tim_ex.d ./Drivers/STM32H7xx_HAL_Driver/Src/stm32h7xx_hal_tim_ex.o ./Drivers/STM32H7xx_HAL_Driver/Src/stm32h7xx_hal_tim_ex.su ./Drivers/STM32H7xx_HAL_Driver/Src/stm32h7xx_hal_uart.cyclo ./Drivers/STM32H7xx_HAL_Driver/Src/stm32h7xx_hal_uart.d ./Drivers/STM32H7xx_HAL_Driver/Src/stm32h7xx_hal_uart.o ./Drivers/STM32H7xx_HAL_Driver/Src/stm32h7xx_hal_uart.su ./Drivers/STM32H7xx_HAL_Driver/Src/stm32h7xx_hal_uart_ex.cyclo ./Drivers/STM32H7xx_HAL_Driver/Src/stm32h7xx_hal_uart_ex.d ./Drivers/STM32H7xx_HAL_Driver/Src/stm32h7xx_hal_uart_ex.o ./Drivers/STM32H7xx_HAL_Driver/Src/stm32h7xx_hal_uart_ex.su
rm -rf ./Core/Startup/startup_stm32h7a3zitxq.d ./Core/Startup/startup_stm32h7a3zitxq.o
rm -rf ./Core/Src/LED_Proc.cyclo ./Core/Src/LED_Proc.d ./Core/Src/LED_Proc.o ./Core/Src/LED_Proc.su ./Core/Src/gpio.cyclo ./Core/Src/gpio.d ./Core/Src/gpio.o ./Core/Src/gpio.su ./Core/Src/main.cyclo ./Core/Src/main.d ./Core/Src/main.o ./Core/Src/main.su ./Core/Src/stm32h7xx_hal_msp.cyclo ./Core/Src/stm32h7xx_hal_msp.d ./Core/Src/stm32h7xx_hal_msp.o ./Core/Src/stm32h7xx_hal_msp.su ./Core/Src/stm32h7xx_it.cyclo ./Core/Src/stm32h7xx_it.d ./Core/Src/stm32h7xx_it.o ./Core/Src/stm32h7xx_it.su ./Core/Src/syscalls.cyclo ./Core/Src/syscalls.d ./Core/Src/syscalls.o ./Core/Src/syscalls.su ./Core/Src/sysmem.cyclo ./Core/Src/sysmem.d ./Core/Src/sysmem.o ./Core/Src/sysmem.su ./Core/Src/system_stm32h7xx.cyclo ./Core/Src/system_stm32h7xx.d ./Core/Src/system_stm32h7xx.o ./Core/Src/system_stm32h7xx.su ./Core/Src/tim.cyclo ./Core/Src/tim.d ./Core/Src/tim.o ./Core/Src/tim.su ./Core/Src/usart.cyclo ./Core/Src/usart.d ./Core/Src/usart.o ./Core/Src/usart.su ./Core/Src/usb_otg.cyclo ./Core/Src/usb_otg.d ./Core/Src/usb_otg.o ./Core/Src/usb_otg.su
rm -rf Nucleo-H7A3ZIQ_Test_01.elf Nucleo-H7A3ZIQ_Test_01.list Nucleo-H7A3ZIQ_Test_01.map default.size.stdout
 
14:13:36 **** Build of configuration Debug for project Nucleo-H7A3ZIQ_Test_01 ****
make -j16 all 
arm-none-eabi-gcc "../Drivers/STM32H7xx_HAL_Driver/Src/stm32h7xx_hal.c" -mcpu=cortex-m7 -std=gnu11 -g3 -DDEBUG -DUSE_HAL_DRIVER -DSTM32H7A3xxQ -c -I../Core/Inc -I../Drivers/STM32H7xx_HAL_Driver/Inc -I../Drivers/STM32H7xx_HAL_Driver/Inc/Legacy -I../Drivers/CMSIS/Device/ST/STM32H7xx/Include -I../Drivers/CMSIS/Include -O0 -ffunction-sections -fdata-sections -Wall -fstack-usage -fcyclomatic-complexity -MMD -MP -MF"Drivers/STM32H7xx_HAL_Driver/Src/stm32h7xx_hal.d" -MT"Drivers/STM32H7xx_HAL_Driver/Src/stm32h7xx_hal.o" --specs=nano.specs -mfpu=fpv5-d16 -mfloat-abi=hard -mthumb -o "Drivers/STM32H7xx_HAL_Driver/Src/stm32h7xx_hal.o"
arm-none-eabi-gcc "../Drivers/STM32H7xx_HAL_Driver/Src/stm32h7xx_hal_cortex.c" -mcpu=cortex-m7 -std=gnu11 -g3 -DDEBUG -DUSE_HAL_DRIVER -DSTM32H7A3xxQ -c -I../Core/Inc -I../Drivers/STM32H7xx_HAL_Driver/Inc -I../Drivers/STM32H7xx_HAL_Driver/Inc/Legacy -I../Drivers/CMSIS/Device/ST/STM32H7xx/Include -I../Drivers/CMSIS/Include -O0 -ffunction-sections -fdata-sections -Wall -fstack-usage -fcyclomatic-complexity -MMD -MP -MF"Drivers/STM32H7xx_HAL_Driver/Src/stm32h7xx_hal_cortex.d" -MT"Drivers/STM32H7xx_HAL_Driver/Src/stm32h7xx_hal_cortex.o" --specs=nano.specs -mfpu=fpv5-d16 -mfloat-abi=hard -mthumb -o "Drivers/STM32H7xx_HAL_Driver/Src/stm32h7xx_hal_cortex.o"
arm-none-eabi-gcc "../Drivers/STM32H7xx_HAL_Driver/Src/stm32h7xx_hal_dma.c" -mcpu=cortex-m7 -std=gnu11 -g3 -DDEBUG -DUSE_HAL_DRIVER -DSTM32H7A3xxQ -c -I../Core/Inc -I../Drivers/STM32H7xx_HAL_Driver/Inc -I../Drivers/STM32H7xx_HAL_Driver/Inc/Legacy -I../Drivers/CMSIS/Device/ST/STM32H7xx/Include -I../Drivers/CMSIS/Include -O0 -ffunction-sections -fdata-sections -Wall -fstack-usage -fcyclomatic-complexity -MMD -MP -MF"Drivers/STM32H7xx_HAL_Driver/Src/stm32h7xx_hal_dma.d" -MT"Drivers/STM32H7xx_HAL_Driver/Src/stm32h7xx_hal_dma.o" --specs=nano.specs -mfpu=fpv5-d16 -mfloat-abi=hard -mthumb -o "Drivers/STM32H7xx_HAL_Driver/Src/stm32h7xx_hal_dma.o"
arm-none-eabi-gcc "../Drivers/STM32H7xx_HAL_Driver/Src/stm32h7xx_hal_dma_ex.c" -mcpu=cortex-m7 -std=gnu11 -g3 -DDEBUG -DUSE_HAL_DRIVER -DSTM32H7A3xxQ -c -I../Core/Inc -I../Drivers/STM32H7xx_HAL_Driver/Inc -I../Drivers/STM32H7xx_HAL_Driver/Inc/Legacy -I../Drivers/CMSIS/Device/ST/STM32H7xx/Include -I../Drivers/CMSIS/Include -O0 -ffunction-sections -fdata-sections -Wall -fstack-usage -fcyclomatic-complexity -MMD -MP -MF"Drivers/STM32H7xx_HAL_Driver/Src/stm32h7xx_hal_dma_ex.d" -MT"Drivers/STM32H7xx_HAL_Driver/Src/stm32h7xx_hal_dma_ex.o" --specs=nano.specs -mfpu=fpv5-d16 -mfloat-abi=hard -mthumb -o "Drivers/STM32H7xx_HAL_Driver/Src/stm32h7xx_hal_dma_ex.o"
arm-none-eabi-gcc "../Drivers/STM32H7xx_HAL_Driver/Src/stm32h7xx_hal_exti.c" -mcpu=cortex-m7 -std=gnu11 -g3 -DDEBUG -DUSE_HAL_DRIVER -DSTM32H7A3xxQ -c -I../Core/Inc -I../Drivers/STM32H7xx_HAL_Driver/Inc -I../Drivers/STM32H7xx_HAL_Driver/Inc/Legacy -I../Drivers/CMSIS/Device/ST/STM32H7xx/Include -I../Drivers/CMSIS/Include -O0 -ffunction-sections -fdata-sections -Wall -fstack-usage -fcyclomatic-complexity -MMD -MP -MF"Drivers/STM32H7xx_HAL_Driver/Src/stm32h7xx_hal_exti.d" -MT"Drivers/STM32H7xx_HAL_Driver/Src/stm32h7xx_hal_exti.o" --specs=nano.specs -mfpu=fpv5-d16 -mfloat-abi=hard -mthumb -o "Drivers/STM32H7xx_HAL_Driver/Src/stm32h7xx_hal_exti.o"
arm-none-eabi-gcc "../Drivers/STM32H7xx_HAL_Driver/Src/stm32h7xx_hal_flash.c" -mcpu=cortex-m7 -std=gnu11 -g3 -DDEBUG -DUSE_HAL_DRIVER -DSTM32H7A3xxQ -c -I../Core/Inc -I../Drivers/STM32H7xx_HAL_Driver/Inc -I../Drivers/STM32H7xx_HAL_Driver/Inc/Legacy -I../Drivers/CMSIS/Device/ST/STM32H7xx/Include -I../Drivers/CMSIS/Include -O0 -ffunction-sections -fdata-sections -Wall -fstack-usage -fcyclomatic-complexity -MMD -MP -MF"Drivers/STM32H7xx_HAL_Driver/Src/stm32h7xx_hal_flash.d" -MT"Drivers/STM32H7xx_HAL_Driver/Src/stm32h7xx_hal_flash.o" --specs=nano.specs -mfpu=fpv5-d16 -mfloat-abi=hard -mthumb -o "Drivers/STM32H7xx_HAL_Driver/Src/stm32h7xx_hal_flash.o"
arm-none-eabi-gcc "../Drivers/STM32H7xx_HAL_Driver/Src/stm32h7xx_hal_flash_ex.c" -mcpu=cortex-m7 -std=gnu11 -g3 -DDEBUG -DUSE_HAL_DRIVER -DSTM32H7A3xxQ -c -I../Core/Inc -I../Drivers/STM32H7xx_HAL_Driver/Inc -I../Drivers/STM32H7xx_HAL_Driver/Inc/Legacy -I../Drivers/CMSIS/Device/ST/STM32H7xx/Include -I../Drivers/CMSIS/Include -O0 -ffunction-sections -fdata-sections -Wall -fstack-usage -fcyclomatic-complexity -MMD -MP -MF"Drivers/STM32H7xx_HAL_Driver/Src/stm32h7xx_hal_flash_ex.d" -MT"Drivers/STM32H7xx_HAL_Driver/Src/stm32h7xx_hal_flash_ex.o" --specs=nano.specs -mfpu=fpv5-d16 -mfloat-abi=hard -mthumb -o "Drivers/STM32H7xx_HAL_Driver/Src/stm32h7xx_hal_flash_ex.o"
arm-none-eabi-gcc "../Drivers/STM32H7xx_HAL_Driver/Src/stm32h7xx_hal_gpio.c" -mcpu=cortex-m7 -std=gnu11 -g3 -DDEBUG -DUSE_HAL_DRIVER -DSTM32H7A3xxQ -c -I../Core/Inc -I../Drivers/STM32H7xx_HAL_Driver/Inc -I../Drivers/STM32H7xx_HAL_Driver/Inc/Legacy -I../Drivers/CMSIS/Device/ST/STM32H7xx/Include -I../Drivers/CMSIS/Include -O0 -ffunction-sections -fdata-sections -Wall -fstack-usage -fcyclomatic-complexity -MMD -MP -MF"Drivers/STM32H7xx_HAL_Driver/Src/stm32h7xx_hal_gpio.d" -MT"Drivers/STM32H7xx_HAL_Driver/Src/stm32h7xx_hal_gpio.o" --specs=nano.specs -mfpu=fpv5-d16 -mfloat-abi=hard -mthumb -o "Drivers/STM32H7xx_HAL_Driver/Src/stm32h7xx_hal_gpio.o"
arm-none-eabi-gcc "../Drivers/STM32H7xx_HAL_Driver/Src/stm32h7xx_hal_hsem.c" -mcpu=cortex-m7 -std=gnu11 -g3 -DDEBUG -DUSE_HAL_DRIVER -DSTM32H7A3xxQ -c -I../Core/Inc -I../Drivers/STM32H7xx_HAL_Driver/Inc -I../Drivers/STM32H7xx_HAL_Driver/Inc/Legacy -I../Drivers/CMSIS/Device/ST/STM32H7xx/Include -I../Drivers/CMSIS/Include -O0 -ffunction-sections -fdata-sections -Wall -fstack-usage -fcyclomatic-complexity -MMD -MP -MF"Drivers/STM32H7xx_HAL_Driver/Src/stm32h7xx_hal_hsem.d" -MT"Drivers/STM32H7xx_HAL_Driver/Src/stm32h7xx_hal_hsem.o" --specs=nano.specs -mfpu=fpv5-d16 -mfloat-abi=hard -mthumb -o "Drivers/STM32H7xx_HAL_Driver/Src/stm32h7xx_hal_hsem.o"
arm-none-eabi-gcc "../Drivers/STM32H7xx_HAL_Driver/Src/stm32h7xx_hal_i2c.c" -mcpu=cortex-m7 -std=gnu11 -g3 -DDEBUG -DUSE_HAL_DRIVER -DSTM32H7A3xxQ -c -I../Core/Inc -I../Drivers/STM32H7xx_HAL_Driver/Inc -I../Drivers/STM32H7xx_HAL_Driver/Inc/Legacy -I../Drivers/CMSIS/Device/ST/STM32H7xx/Include -I../Drivers/CMSIS/Include -O0 -ffunction-sections -fdata-sections -Wall -fstack-usage -fcyclomatic-complexity -MMD -MP -MF"Drivers/STM32H7xx_HAL_Driver/Src/stm32h7xx_hal_i2c.d" -MT"Drivers/STM32H7xx_HAL_Driver/Src/stm32h7xx_hal_i2c.o" --specs=nano.specs -mfpu=fpv5-d16 -mfloat-abi=hard -mthumb -o "Drivers/STM32H7xx_HAL_Driver/Src/stm32h7xx_hal_i2c.o"
arm-none-eabi-gcc "../Drivers/STM32H7xx_HAL_Driver/Src/stm32h7xx_hal_i2c_ex.c" -mcpu=cortex-m7 -std=gnu11 -g3 -DDEBUG -DUSE_HAL_DRIVER -DSTM32H7A3xxQ -c -I../Core/Inc -I../Drivers/STM32H7xx_HAL_Driver/Inc -I../Drivers/STM32H7xx_HAL_Driver/Inc/Legacy -I../Drivers/CMSIS/Device/ST/STM32H7xx/Include -I../Drivers/CMSIS/Include -O0 -ffunction-sections -fdata-sections -Wall -fstack-usage -fcyclomatic-complexity -MMD -MP -MF"Drivers/STM32H7xx_HAL_Driver/Src/stm32h7xx_hal_i2c_ex.d" -MT"Drivers/STM32H7xx_HAL_Driver/Src/stm32h7xx_hal_i2c_ex.o" --specs=nano.specs -mfpu=fpv5-d16 -mfloat-abi=hard -mthumb -o "Drivers/STM32H7xx_HAL_Driver/Src/stm32h7xx_hal_i2c_ex.o"
arm-none-eabi-gcc "../Drivers/STM32H7xx_HAL_Driver/Src/stm32h7xx_hal_mdma.c" -mcpu=cortex-m7 -std=gnu11 -g3 -DDEBUG -DUSE_HAL_DRIVER -DSTM32H7A3xxQ -c -I../Core/Inc -I../Drivers/STM32H7xx_HAL_Driver/Inc -I../Drivers/STM32H7xx_HAL_Driver/Inc/Legacy -I../Drivers/CMSIS/Device/ST/STM32H7xx/Include -I../Drivers/CMSIS/Include -O0 -ffunction-sections -fdata-sections -Wall -fstack-usage -fcyclomatic-complexity -MMD -MP -MF"Drivers/STM32H7xx_HAL_Driver/Src/stm32h7xx_hal_mdma.d" -MT"Drivers/STM32H7xx_HAL_Driver/Src/stm32h7xx_hal_mdma.o" --specs=nano.specs -mfpu=fpv5-d16 -mfloat-abi=hard -mthumb -o "Drivers/STM32H7xx_HAL_Driver/Src/stm32h7xx_hal_mdma.o"
arm-none-eabi-gcc "../Drivers/STM32H7xx_HAL_Driver/Src/stm32h7xx_hal_pwr.c" -mcpu=cortex-m7 -std=gnu11 -g3 -DDEBUG -DUSE_HAL_DRIVER -DSTM32H7A3xxQ -c -I../Core/Inc -I../Drivers/STM32H7xx_HAL_Driver/Inc -I../Drivers/STM32H7xx_HAL_Driver/Inc/Legacy -I../Drivers/CMSIS/Device/ST/STM32H7xx/Include -I../Drivers/CMSIS/Include -O0 -ffunction-sections -fdata-sections -Wall -fstack-usage -fcyclomatic-complexity -MMD -MP -MF"Drivers/STM32H7xx_HAL_Driver/Src/stm32h7xx_hal_pwr.d" -MT"Drivers/STM32H7xx_HAL_Driver/Src/stm32h7xx_hal_pwr.o" --specs=nano.specs -mfpu=fpv5-d16 -mfloat-abi=hard -mthumb -o "Drivers/STM32H7xx_HAL_Driver/Src/stm32h7xx_hal_pwr.o"
arm-none-eabi-gcc "../Drivers/STM32H7xx_HAL_Driver/Src/stm32h7xx_hal_pwr_ex.c" -mcpu=cortex-m7 -std=gnu11 -g3 -DDEBUG -DUSE_HAL_DRIVER -DSTM32H7A3xxQ -c -I../Core/Inc -I../Drivers/STM32H7xx_HAL_Driver/Inc -I../Drivers/STM32H7xx_HAL_Driver/Inc/Legacy -I../Drivers/CMSIS/Device/ST/STM32H7xx/Include -I../Drivers/CMSIS/Include -O0 -ffunction-sections -fdata-sections -Wall -fstack-usage -fcyclomatic-complexity -MMD -MP -MF"Drivers/STM32H7xx_HAL_Driver/Src/stm32h7xx_hal_pwr_ex.d" -MT"Drivers/STM32H7xx_HAL_Driver/Src/stm32h7xx_hal_pwr_ex.o" --specs=nano.specs -mfpu=fpv5-d16 -mfloat-abi=hard -mthumb -o "Drivers/STM32H7xx_HAL_Driver/Src/stm32h7xx_hal_pwr_ex.o"
arm-none-eabi-gcc "../Drivers/STM32H7xx_HAL_Driver/Src/stm32h7xx_hal_rcc.c" -mcpu=cortex-m7 -std=gnu11 -g3 -DDEBUG -DUSE_HAL_DRIVER -DSTM32H7A3xxQ -c -I../Core/Inc -I../Drivers/STM32H7xx_HAL_Driver/Inc -I../Drivers/STM32H7xx_HAL_Driver/Inc/Legacy -I../Drivers/CMSIS/Device/ST/STM32H7xx/Include -I../Drivers/CMSIS/Include -O0 -ffunction-sections -fdata-sections -Wall -fstack-usage -fcyclomatic-complexity -MMD -MP -MF"Drivers/STM32H7xx_HAL_Driver/Src/stm32h7xx_hal_rcc.d" -MT"Drivers/STM32H7xx_HAL_Driver/Src/stm32h7xx_hal_rcc.o" --specs=nano.specs -mfpu=fpv5-d16 -mfloat-abi=hard -mthumb -o "Drivers/STM32H7xx_HAL_Driver/Src/stm32h7xx_hal_rcc.o"
arm-none-eabi-gcc "../Drivers/STM32H7xx_HAL_Driver/Src/stm32h7xx_hal_rcc_ex.c" -mcpu=cortex-m7 -std=gnu11 -g3 -DDEBUG -DUSE_HAL_DRIVER -DSTM32H7A3xxQ -c -I../Core/Inc -I../Drivers/STM32H7xx_HAL_Driver/Inc -I../Drivers/STM32H7xx_HAL_Driver/Inc/Legacy -I../Drivers/CMSIS/Device/ST/STM32H7xx/Include -I../Drivers/CMSIS/Include -O0 -ffunction-sections -fdata-sections -Wall -fstack-usage -fcyclomatic-complexity -MMD -MP -MF"Drivers/STM32H7xx_HAL_Driver/Src/stm32h7xx_hal_rcc_ex.d" -MT"Drivers/STM32H7xx_HAL_Driver/Src/stm32h7xx_hal_rcc_ex.o" --specs=nano.specs -mfpu=fpv5-d16 -mfloat-abi=hard -mthumb -o "Drivers/STM32H7xx_HAL_Driver/Src/stm32h7xx_hal_rcc_ex.o"
arm-none-eabi-gcc "../Drivers/STM32H7xx_HAL_Driver/Src/stm32h7xx_hal_tim.c" -mcpu=cortex-m7 -std=gnu11 -g3 -DDEBUG -DUSE_HAL_DRIVER -DSTM32H7A3xxQ -c -I../Core/Inc -I../Drivers/STM32H7xx_HAL_Driver/Inc -I../Drivers/STM32H7xx_HAL_Driver/Inc/Legacy -I../Drivers/CMSIS/Device/ST/STM32H7xx/Include -I../Drivers/CMSIS/Include -O0 -ffunction-sections -fdata-sections -Wall -fstack-usage -fcyclomatic-complexity -MMD -MP -MF"Drivers/STM32H7xx_HAL_Driver/Src/stm32h7xx_hal_tim.d" -MT"Drivers/STM32H7xx_HAL_Driver/Src/stm32h7xx_hal_tim.o" --specs=nano.specs -mfpu=fpv5-d16 -mfloat-abi=hard -mthumb -o "Drivers/STM32H7xx_HAL_Driver/Src/stm32h7xx_hal_tim.o"
arm-none-eabi-gcc "../Drivers/STM32H7xx_HAL_Driver/Src/stm32h7xx_hal_tim_ex.c" -mcpu=cortex-m7 -std=gnu11 -g3 -DDEBUG -DUSE_HAL_DRIVER -DSTM32H7A3xxQ -c -I../Core/Inc -I../Drivers/STM32H7xx_HAL_Driver/Inc -I../Drivers/STM32H7xx_HAL_Driver/Inc/Legacy -I../Drivers/CMSIS/Device/ST/STM32H7xx/Include -I../Drivers/CMSIS/Include -O0 -ffunction-sections -fdata-sections -Wall -fstack-usage -fcyclomatic-complexity -MMD -MP -MF"Drivers/STM32H7xx_HAL_Driver/Src/stm32h7xx_hal_tim_ex.d" -MT"Drivers/STM32H7xx_HAL_Driver/Src/stm32h7xx_hal_tim_ex.o" --specs=nano.specs -mfpu=fpv5-d16 -mfloat-abi=hard -mthumb -o "Drivers/STM32H7xx_HAL_Driver/Src/stm32h7xx_hal_tim_ex.o"
arm-none-eabi-gcc "../Drivers/STM32H7xx_HAL_Driver/Src/stm32h7xx_hal_uart.c" -mcpu=cortex-m7 -std=gnu11 -g3 -DDEBUG -DUSE_HAL_DRIVER -DSTM32H7A3xxQ -c -I../Core/Inc -I../Drivers/STM32H7xx_HAL_Driver/Inc -I../Drivers/STM32H7xx_HAL_Driver/Inc/Legacy -I../Drivers/CMSIS/Device/ST/STM32H7xx/Include -I../Drivers/CMSIS/Include -O0 -ffunction-sections -fdata-sections -Wall -fstack-usage -fcyclomatic-complexity -MMD -MP -MF"Drivers/STM32H7xx_HAL_Driver/Src/stm32h7xx_hal_uart.d" -MT"Drivers/STM32H7xx_HAL_Driver/Src/stm32h7xx_hal_uart.o" --specs=nano.specs -mfpu=fpv5-d16 -mfloat-abi=hard -mthumb -o "Drivers/STM32H7xx_HAL_Driver/Src/stm32h7xx_hal_uart.o"
arm-none-eabi-gcc "../Drivers/STM32H7xx_HAL_Driver/Src/stm32h7xx_hal_uart_ex.c" -mcpu=cortex-m7 -std=gnu11 -g3 -DDEBUG -DUSE_HAL_DRIVER -DSTM32H7A3xxQ -c -I../Core/Inc -I../Drivers/STM32H7xx_HAL_Driver/Inc -I../Drivers/STM32H7xx_HAL_Driver/Inc/Legacy -I../Drivers/CMSIS/Device/ST/STM32H7xx/Include -I../Drivers/CMSIS/Include -O0 -ffunction-sections -fdata-sections -Wall -fstack-usage -fcyclomatic-complexity -MMD -MP -MF"Drivers/STM32H7xx_HAL_Driver/Src/stm32h7xx_hal_uart_ex.d" -MT"Drivers/STM32H7xx_HAL_Driver/Src/stm32h7xx_hal_uart_ex.o" --specs=nano.specs -mfpu=fpv5-d16 -mfloat-abi=hard -mthumb -o "Drivers/STM32H7xx_HAL_Driver/Src/stm32h7xx_hal_uart_ex.o"
arm-none-eabi-gcc -mcpu=cortex-m7 -g3 -DDEBUG -c -x assembler-with-cpp -MMD -MP -MF"Core/Startup/startup_stm32h7a3zitxq.d" -MT"Core/Startup/startup_stm32h7a3zitxq.o" --specs=nano.specs -mfpu=fpv5-d16 -mfloat-abi=hard -mthumb -o "Core/Startup/startup_stm32h7a3zitxq.o" "../Core/Startup/startup_stm32h7a3zitxq.s"
arm-none-eabi-gcc "../Core/Src/gpio.c" -mcpu=cortex-m7 -std=gnu11 -g3 -DDEBUG -DUSE_HAL_DRIVER -DSTM32H7A3xxQ -c -I../Core/Inc -I../Drivers/STM32H7xx_HAL_Driver/Inc -I../Drivers/STM32H7xx_HAL_Driver/Inc/Legacy -I../Drivers/CMSIS/Device/ST/STM32H7xx/Include -I../Drivers/CMSIS/Include -O0 -ffunction-sections -fdata-sections -Wall -fstack-usage -fcyclomatic-complexity -MMD -MP -MF"Core/Src/gpio.d" -MT"Core/Src/gpio.o" --specs=nano.specs -mfpu=fpv5-d16 -mfloat-abi=hard -mthumb -o "Core/Src/gpio.o"
arm-none-eabi-gcc "../Core/Src/led_proc.c" -mcpu=cortex-m7 -std=gnu11 -g3 -DDEBUG -DUSE_HAL_DRIVER -DSTM32H7A3xxQ -c -I../Core/Inc -I../Drivers/STM32H7xx_HAL_Driver/Inc -I../Drivers/STM32H7xx_HAL_Driver/Inc/Legacy -I../Drivers/CMSIS/Device/ST/STM32H7xx/Include -I../Drivers/CMSIS/Include -O0 -ffunction-sections -fdata-sections -Wall -fstack-usage -fcyclomatic-complexity -MMD -MP -MF"Core/Src/led_proc.d" -MT"Core/Src/led_proc.o" --specs=nano.specs -mfpu=fpv5-d16 -mfloat-abi=hard -mthumb -o "Core/Src/led_proc.o"
arm-none-eabi-gcc "../Core/Src/main.c" -mcpu=cortex-m7 -std=gnu11 -g3 -DDEBUG -DUSE_HAL_DRIVER -DSTM32H7A3xxQ -c -I../Core/Inc -I../Drivers/STM32H7xx_HAL_Driver/Inc -I../Drivers/STM32H7xx_HAL_Driver/Inc/Legacy -I../Drivers/CMSIS/Device/ST/STM32H7xx/Include -I../Drivers/CMSIS/Include -O0 -ffunction-sections -fdata-sections -Wall -fstack-usage -fcyclomatic-complexity -MMD -MP -MF"Core/Src/main.d" -MT"Core/Src/main.o" --specs=nano.specs -mfpu=fpv5-d16 -mfloat-abi=hard -mthumb -o "Core/Src/main.o"
arm-none-eabi-gcc "../Core/Src/stm32h7xx_hal_msp.c" -mcpu=cortex-m7 -std=gnu11 -g3 -DDEBUG -DUSE_HAL_DRIVER -DSTM32H7A3xxQ -c -I../Core/Inc -I../Drivers/STM32H7xx_HAL_Driver/Inc -I../Drivers/STM32H7xx_HAL_Driver/Inc/Legacy -I../Drivers/CMSIS/Device/ST/STM32H7xx/Include -I../Drivers/CMSIS/Include -O0 -ffunction-sections -fdata-sections -Wall -fstack-usage -fcyclomatic-complexity -MMD -MP -MF"Core/Src/stm32h7xx_hal_msp.d" -MT"Core/Src/stm32h7xx_hal_msp.o" --specs=nano.specs -mfpu=fpv5-d16 -mfloat-abi=hard -mthumb -o "Core/Src/stm32h7xx_hal_msp.o"
arm-none-eabi-gcc "../Core/Src/stm32h7xx_it.c" -mcpu=cortex-m7 -std=gnu11 -g3 -DDEBUG -DUSE_HAL_DRIVER -DSTM32H7A3xxQ -c -I../Core/Inc -I../Drivers/STM32H7xx_HAL_Driver/Inc -I../Drivers/STM32H7xx_HAL_Driver/Inc/Legacy -I../Drivers/CMSIS/Device/ST/STM32H7xx/Include -I../Drivers/CMSIS/Include -O0 -ffunction-sections -fdata-sections -Wall -fstack-usage -fcyclomatic-complexity -MMD -MP -MF"Core/Src/stm32h7xx_it.d" -MT"Core/Src/stm32h7xx_it.o" --specs=nano.specs -mfpu=fpv5-d16 -mfloat-abi=hard -mthumb -o "Core/Src/stm32h7xx_it.o"
arm-none-eabi-gcc "../Core/Src/syscalls.c" -mcpu=cortex-m7 -std=gnu11 -g3 -DDEBUG -DUSE_HAL_DRIVER -DSTM32H7A3xxQ -c -I../Core/Inc -I../Drivers/STM32H7xx_HAL_Driver/Inc -I../Drivers/STM32H7xx_HAL_Driver/Inc/Legacy -I../Drivers/CMSIS/Device/ST/STM32H7xx/Include -I../Drivers/CMSIS/Include -O0 -ffunction-sections -fdata-sections -Wall -fstack-usage -fcyclomatic-complexity -MMD -MP -MF"Core/Src/syscalls.d" -MT"Core/Src/syscalls.o" --specs=nano.specs -mfpu=fpv5-d16 -mfloat-abi=hard -mthumb -o "Core/Src/syscalls.o"
arm-none-eabi-gcc "../Core/Src/sysmem.c" -mcpu=cortex-m7 -std=gnu11 -g3 -DDEBUG -DUSE_HAL_DRIVER -DSTM32H7A3xxQ -c -I../Core/Inc -I../Drivers/STM32H7xx_HAL_Driver/Inc -I../Drivers/STM32H7xx_HAL_Driver/Inc/Legacy -I../Drivers/CMSIS/Device/ST/STM32H7xx/Include -I../Drivers/CMSIS/Include -O0 -ffunction-sections -fdata-sections -Wall -fstack-usage -fcyclomatic-complexity -MMD -MP -MF"Core/Src/sysmem.d" -MT"Core/Src/sysmem.o" --specs=nano.specs -mfpu=fpv5-d16 -mfloat-abi=hard -mthumb -o "Core/Src/sysmem.o"
arm-none-eabi-gcc "../Core/Src/system_stm32h7xx.c" -mcpu=cortex-m7 -std=gnu11 -g3 -DDEBUG -DUSE_HAL_DRIVER -DSTM32H7A3xxQ -c -I../Core/Inc -I../Drivers/STM32H7xx_HAL_Driver/Inc -I../Drivers/STM32H7xx_HAL_Driver/Inc/Legacy -I../Drivers/CMSIS/Device/ST/STM32H7xx/Include -I../Drivers/CMSIS/Include -O0 -ffunction-sections -fdata-sections -Wall -fstack-usage -fcyclomatic-complexity -MMD -MP -MF"Core/Src/system_stm32h7xx.d" -MT"Core/Src/system_stm32h7xx.o" --specs=nano.specs -mfpu=fpv5-d16 -mfloat-abi=hard -mthumb -o "Core/Src/system_stm32h7xx.o"
arm-none-eabi-gcc "../Core/Src/tim.c" -mcpu=cortex-m7 -std=gnu11 -g3 -DDEBUG -DUSE_HAL_DRIVER -DSTM32H7A3xxQ -c -I../Core/Inc -I../Drivers/STM32H7xx_HAL_Driver/Inc -I../Drivers/STM32H7xx_HAL_Driver/Inc/Legacy -I../Drivers/CMSIS/Device/ST/STM32H7xx/Include -I../Drivers/CMSIS/Include -O0 -ffunction-sections -fdata-sections -Wall -fstack-usage -fcyclomatic-complexity -MMD -MP -MF"Core/Src/tim.d" -MT"Core/Src/tim.o" --specs=nano.specs -mfpu=fpv5-d16 -mfloat-abi=hard -mthumb -o "Core/Src/tim.o"
arm-none-eabi-gcc "../Core/Src/usart.c" -mcpu=cortex-m7 -std=gnu11 -g3 -DDEBUG -DUSE_HAL_DRIVER -DSTM32H7A3xxQ -c -I../Core/Inc -I../Drivers/STM32H7xx_HAL_Driver/Inc -I../Drivers/STM32H7xx_HAL_Driver/Inc/Legacy -I../Drivers/CMSIS/Device/ST/STM32H7xx/Include -I../Drivers/CMSIS/Include -O0 -ffunction-sections -fdata-sections -Wall -fstack-usage -fcyclomatic-complexity -MMD -MP -MF"Core/Src/usart.d" -MT"Core/Src/usart.o" --specs=nano.specs -mfpu=fpv5-d16 -mfloat-abi=hard -mthumb -o "Core/Src/usart.o"
In file included from ../Core/Inc/led_proc.h:27,
                 from ../Core/Src/led_proc.c:22:
../Core/Inc/main.h:53:1: error: two or more data types in declaration specifiers
   53 | void Error_Handler(void);
      | ^~~~
In file included from ../Core/Inc/gpio.h:29,
                 from ../Core/Src/gpio.c:22:
../Core/Inc/main.h:53:1: error: two or more data types in declaration specifiers
   53 | void Error_Handler(void);
      | ^~~~
arm-none-eabi-gcc "../Core/Src/usb_otg.c" -mcpu=cortex-m7 -std=gnu11 -g3 -DDEBUG -DUSE_HAL_DRIVER -DSTM32H7A3xxQ -c -I../Core/Inc -I../Drivers/STM32H7xx_HAL_Driver/Inc -I../Drivers/STM32H7xx_HAL_Driver/Inc/Legacy -I../Drivers/CMSIS/Device/ST/STM32H7xx/Include -I../Drivers/CMSIS/Include -O0 -ffunction-sections -fdata-sections -Wall -fstack-usage -fcyclomatic-complexity -MMD -MP -MF"Core/Src/usb_otg.d" -MT"Core/Src/usb_otg.o" --specs=nano.specs -mfpu=fpv5-d16 -mfloat-abi=hard -mthumb -o "Core/Src/usb_otg.o"
In file included from ../Core/Src/main.c:20:
../Core/Inc/main.h:53:1: error: two or more data types in declaration specifiers
   53 | void Error_Handler(void);
      | ^~~~
In file included from ../Core/Src/stm32h7xx_it.c:21:
../Core/Inc/main.h:53:1: error: two or more data types in declaration specifiers
   53 | void Error_Handler(void);
      | ^~~~
../Core/Src/main.c: In function 'main':
../Core/Src/main.c:103:5: warning: implicit declaration of function 'LED_Process' [-Wimplicit-function-declaration]
  103 |     LED_Process();
      |     ^~~~~~~~~~~
../Core/Src/main.c: At top level:
../Core/Src/main.c:181:6: error: conflicting types for 'Error_Handler'
  181 | void Error_Handler(void)
      |      ^~~~~~~~~~~~~
In file included from ../Core/Src/main.c:20:
../Core/Inc/main.h:53:6: note: previous declaration of 'Error_Handler' was here
   53 | void Error_Handler(void);
      |      ^~~~~~~~~~~~~
make: *** [Core/Src/subdir.mk:52: Core/Src/gpio.o] Error 1
make: *** Waiting for unfinished jobs....
make: *** [Core/Src/subdir.mk:52: Core/Src/led_proc.o] Error 1
In file included from ../Core/Src/stm32h7xx_hal_msp.c:22:
../Core/Inc/main.h:53:1: error: two or more data types in declaration specifiers
   53 | void Error_Handler(void);
      | ^~~~
make: *** [Core/Src/subdir.mk:52: Core/Src/main.o] Error 1
make: *** [Core/Src/subdir.mk:52: Core/Src/stm32h7xx_it.o] Error 1
make: *** [Core/Src/subdir.mk:52: Core/Src/stm32h7xx_hal_msp.o] Error 1
In file included from ../Core/Inc/tim.h:29,
                 from ../Core/Src/tim.c:21:
../Core/Inc/main.h:53:1: error: two or more data types in declaration specifiers
   53 | void Error_Handler(void);
      | ^~~~
In file included from ../Core/Inc/usart.h:29,
                 from ../Core/Src/usart.c:21:
../Core/Inc/main.h:53:1: error: two or more data types in declaration specifiers
   53 | void Error_Handler(void);
      | ^~~~
make: *** [Core/Src/subdir.mk:52: Core/Src/tim.o] Error 1
make: *** [Core/Src/subdir.mk:52: Core/Src/usart.o] Error 1
In file included from ../Core/Inc/usb_otg.h:29,
                 from ../Core/Src/usb_otg.c:21:
../Core/Inc/main.h:53:1: error: two or more data types in declaration specifiers
   53 | void Error_Handler(void);
      | ^~~~
make: *** [Core/Src/subdir.mk:52: Core/Src/usb_otg.o] Error 1
"make -j16 all" terminated with exit code 2. Build might be incomplete.
14:14:26 **** Incremental Build of configuration Debug for project Nucleo-H7A3ZIQ_Test_01 ****
make -j16 all 
arm-none-eabi-gcc "../Core/Src/gpio.c" -mcpu=cortex-m7 -std=gnu11 -g3 -DDEBUG -DUSE_HAL_DRIVER -DSTM32H7A3xxQ -c -I../Core/Inc -I../Drivers/STM32H7xx_HAL_Driver/Inc -I../Drivers/STM32H7xx_HAL_Driver/Inc/Legacy -I../Drivers/CMSIS/Device/ST/STM32H7xx/Include -I../Drivers/CMSIS/Include -O0 -ffunction-sections -fdata-sections -Wall -fstack-usage -fcyclomatic-complexity -MMD -MP -MF"Core/Src/gpio.d" -MT"Core/Src/gpio.o" --specs=nano.specs -mfpu=fpv5-d16 -mfloat-abi=hard -mthumb -o "Core/Src/gpio.o"
arm-none-eabi-gcc "../Core/Src/led_proc.c" -mcpu=cortex-m7 -std=gnu11 -g3 -DDEBUG -DUSE_HAL_DRIVER -DSTM32H7A3xxQ -c -I../Core/Inc -I../Drivers/STM32H7xx_HAL_Driver/Inc -I../Drivers/STM32H7xx_HAL_Driver/Inc/Legacy -I../Drivers/CMSIS/Device/ST/STM32H7xx/Include -I../Drivers/CMSIS/Include -O0 -ffunction-sections -fdata-sections -Wall -fstack-usage -fcyclomatic-complexity -MMD -MP -MF"Core/Src/led_proc.d" -MT"Core/Src/led_proc.o" --specs=nano.specs -mfpu=fpv5-d16 -mfloat-abi=hard -mthumb -o "Core/Src/led_proc.o"
arm-none-eabi-gcc "../Core/Src/main.c" -mcpu=cortex-m7 -std=gnu11 -g3 -DDEBUG -DUSE_HAL_DRIVER -DSTM32H7A3xxQ -c -I../Core/Inc -I../Drivers/STM32H7xx_HAL_Driver/Inc -I../Drivers/STM32H7xx_HAL_Driver/Inc/Legacy -I../Drivers/CMSIS/Device/ST/STM32H7xx/Include -I../Drivers/CMSIS/Include -O0 -ffunction-sections -fdata-sections -Wall -fstack-usage -fcyclomatic-complexity -MMD -MP -MF"Core/Src/main.d" -MT"Core/Src/main.o" --specs=nano.specs -mfpu=fpv5-d16 -mfloat-abi=hard -mthumb -o "Core/Src/main.o"
arm-none-eabi-gcc "../Core/Src/stm32h7xx_hal_msp.c" -mcpu=cortex-m7 -std=gnu11 -g3 -DDEBUG -DUSE_HAL_DRIVER -DSTM32H7A3xxQ -c -I../Core/Inc -I../Drivers/STM32H7xx_HAL_Driver/Inc -I../Drivers/STM32H7xx_HAL_Driver/Inc/Legacy -I../Drivers/CMSIS/Device/ST/STM32H7xx/Include -I../Drivers/CMSIS/Include -O0 -ffunction-sections -fdata-sections -Wall -fstack-usage -fcyclomatic-complexity -MMD -MP -MF"Core/Src/stm32h7xx_hal_msp.d" -MT"Core/Src/stm32h7xx_hal_msp.o" --specs=nano.specs -mfpu=fpv5-d16 -mfloat-abi=hard -mthumb -o "Core/Src/stm32h7xx_hal_msp.o"
arm-none-eabi-gcc "../Core/Src/stm32h7xx_it.c" -mcpu=cortex-m7 -std=gnu11 -g3 -DDEBUG -DUSE_HAL_DRIVER -DSTM32H7A3xxQ -c -I../Core/Inc -I../Drivers/STM32H7xx_HAL_Driver/Inc -I../Drivers/STM32H7xx_HAL_Driver/Inc/Legacy -I../Drivers/CMSIS/Device/ST/STM32H7xx/Include -I../Drivers/CMSIS/Include -O0 -ffunction-sections -fdata-sections -Wall -fstack-usage -fcyclomatic-complexity -MMD -MP -MF"Core/Src/stm32h7xx_it.d" -MT"Core/Src/stm32h7xx_it.o" --specs=nano.specs -mfpu=fpv5-d16 -mfloat-abi=hard -mthumb -o "Core/Src/stm32h7xx_it.o"
arm-none-eabi-gcc "../Core/Src/tim.c" -mcpu=cortex-m7 -std=gnu11 -g3 -DDEBUG -DUSE_HAL_DRIVER -DSTM32H7A3xxQ -c -I../Core/Inc -I../Drivers/STM32H7xx_HAL_Driver/Inc -I../Drivers/STM32H7xx_HAL_Driver/Inc/Legacy -I../Drivers/CMSIS/Device/ST/STM32H7xx/Include -I../Drivers/CMSIS/Include -O0 -ffunction-sections -fdata-sections -Wall -fstack-usage -fcyclomatic-complexity -MMD -MP -MF"Core/Src/tim.d" -MT"Core/Src/tim.o" --specs=nano.specs -mfpu=fpv5-d16 -mfloat-abi=hard -mthumb -o "Core/Src/tim.o"
arm-none-eabi-gcc "../Core/Src/usart.c" -mcpu=cortex-m7 -std=gnu11 -g3 -DDEBUG -DUSE_HAL_DRIVER -DSTM32H7A3xxQ -c -I../Core/Inc -I../Drivers/STM32H7xx_HAL_Driver/Inc -I../Drivers/STM32H7xx_HAL_Driver/Inc/Legacy -I../Drivers/CMSIS/Device/ST/STM32H7xx/Include -I../Drivers/CMSIS/Include -O0 -ffunction-sections -fdata-sections -Wall -fstack-usage -fcyclomatic-complexity -MMD -MP -MF"Core/Src/usart.d" -MT"Core/Src/usart.o" --specs=nano.specs -mfpu=fpv5-d16 -mfloat-abi=hard -mthumb -o "Core/Src/usart.o"
arm-none-eabi-gcc "../Core/Src/usb_otg.c" -mcpu=cortex-m7 -std=gnu11 -g3 -DDEBUG -DUSE_HAL_DRIVER -DSTM32H7A3xxQ -c -I../Core/Inc -I../Drivers/STM32H7xx_HAL_Driver/Inc -I../Drivers/STM32H7xx_HAL_Driver/Inc/Legacy -I../Drivers/CMSIS/Device/ST/STM32H7xx/Include -I../Drivers/CMSIS/Include -O0 -ffunction-sections -fdata-sections -Wall -fstack-usage -fcyclomatic-complexity -MMD -MP -MF"Core/Src/usb_otg.d" -MT"Core/Src/usb_otg.o" --specs=nano.specs -mfpu=fpv5-d16 -mfloat-abi=hard -mthumb -o "Core/Src/usb_otg.o"
arm-none-eabi-gcc "../Core/Src/user.c" -mcpu=cortex-m7 -std=gnu11 -g3 -DDEBUG -DUSE_HAL_DRIVER -DSTM32H7A3xxQ -c -I../Core/Inc -I../Drivers/STM32H7xx_HAL_Driver/Inc -I../Drivers/STM32H7xx_HAL_Driver/Inc/Legacy -I../Drivers/CMSIS/Device/ST/STM32H7xx/Include -I../Drivers/CMSIS/Include -O0 -ffunction-sections -fdata-sections -Wall -fstack-usage -fcyclomatic-complexity -MMD -MP -MF"Core/Src/user.d" -MT"Core/Src/user.o" --specs=nano.specs -mfpu=fpv5-d16 -mfloat-abi=hard -mthumb -o "Core/Src/user.o"
../Core/Src/main.c: In function 'main':
../Core/Src/main.c:103:5: warning: implicit declaration of function 'LED_Process' [-Wimplicit-function-declaration]
  103 |     LED_Process();
      |     ^~~~~~~~~~~
arm-none-eabi-gcc -o "Nucleo-H7A3ZIQ_Test_01.elf" @"objects.list"   -mcpu=cortex-m7 -T"C:\000. Work\001. FW\Git_Nucleo-H7A3ZIQ\Nucleo-H7A3ZIQ_Test_01\STM32H7A3ZITXQ_FLASH.ld" --specs=nosys.specs -Wl,-Map="Nucleo-H7A3ZIQ_Test_01.map" -Wl,--gc-sections -static --specs=nano.specs -mfpu=fpv5-d16 -mfloat-abi=hard -mthumb -Wl,--start-group -lc -lm -Wl,--end-group
Finished building target: Nucleo-H7A3ZIQ_Test_01.elf
 
arm-none-eabi-size   Nucleo-H7A3ZIQ_Test_01.elf 
arm-none-eabi-objdump -h -S  Nucleo-H7A3ZIQ_Test_01.elf  > "Nucleo-H7A3ZIQ_Test_01.list"
   text	   data	    bss	    dec	    hex	filename
  24172	     24	   1792	  25988	   6584	Nucleo-H7A3ZIQ_Test_01.elf
Finished building: default.size.stdout
 
Finished building: Nucleo-H7A3ZIQ_Test_01.list
 
14:14:45 **** Incremental Build of configuration Debug for project Nucleo-H7A3ZIQ_Test_01 ****
make -j16 all 
arm-none-eabi-gcc "../Core/Src/stm32h7xx_it.c" -mcpu=cortex-m7 -std=gnu11 -g3 -DDEBUG -DUSE_HAL_DRIVER -DSTM32H7A3xxQ -c -I../Core/Inc -I../Drivers/STM32H7xx_HAL_Driver/Inc -I../Drivers/STM32H7xx_HAL_Driver/Inc/Legacy -I../Drivers/CMSIS/Device/ST/STM32H7xx/Include -I../Drivers/CMSIS/Include -O0 -ffunction-sections -fdata-sections -Wall -fstack-usage -fcyclomatic-complexity -MMD -MP -MF"Core/Src/stm32h7xx_it.d" -MT"Core/Src/stm32h7xx_it.o" --specs=nano.specs -mfpu=fpv5-d16 -mfloat-abi=hard -mthumb -o "Core/Src/stm32h7xx_it.o"
../Core/Src/stm32h7xx_it.c: In function 'HAL_TIM_PeriodElapsedCallback':
../Core/Src/stm32h7xx_it.c:218:5: error: 'TIM1_CNT' undeclared (first use in this function)
  218 |     TIM1_CNT++;
      |     ^~~~~~~~
../Core/Src/stm32h7xx_it.c:218:5: note: each undeclared identifier is reported only once for each function it appears in
make: *** [Core/Src/subdir.mk:52: Core/Src/stm32h7xx_it.o] Error 1
"make -j16 all" terminated with exit code 2. Build might be incomplete.
14:15:37 **** Incremental Build of configuration Debug for project Nucleo-H7A3ZIQ_Test_01 ****
make -j16 all 
arm-none-eabi-gcc "../Core/Src/stm32h7xx_it.c" -mcpu=cortex-m7 -std=gnu11 -g3 -DDEBUG -DUSE_HAL_DRIVER -DSTM32H7A3xxQ -c -I../Core/Inc -I../Drivers/STM32H7xx_HAL_Driver/Inc -I../Drivers/STM32H7xx_HAL_Driver/Inc/Legacy -I../Drivers/CMSIS/Device/ST/STM32H7xx/Include -I../Drivers/CMSIS/Include -O0 -ffunction-sections -fdata-sections -Wall -fstack-usage -fcyclomatic-complexity -MMD -MP -MF"Core/Src/stm32h7xx_it.d" -MT"Core/Src/stm32h7xx_it.o" --specs=nano.specs -mfpu=fpv5-d16 -mfloat-abi=hard -mthumb -o "Core/Src/stm32h7xx_it.o"
../Core/Src/stm32h7xx_it.c: In function 'HAL_TIM_PeriodElapsedCallback':
../Core/Src/stm32h7xx_it.c:219:5: error: 'TIM1_CNT' undeclared (first use in this function)
  219 |     TIM1_CNT++;
      |     ^~~~~~~~
../Core/Src/stm32h7xx_it.c:219:5: note: each undeclared identifier is reported only once for each function it appears in
make: *** [Core/Src/subdir.mk:52: Core/Src/stm32h7xx_it.o] Error 1
"make -j16 all" terminated with exit code 2. Build might be incomplete.
14:16:24 **** Incremental Build of configuration Debug for project Nucleo-H7A3ZIQ_Test_01 ****
make -j16 all 
arm-none-eabi-gcc "../Core/Src/main.c" -mcpu=cortex-m7 -std=gnu11 -g3 -DDEBUG -DUSE_HAL_DRIVER -DSTM32H7A3xxQ -c -I../Core/Inc -I../Drivers/STM32H7xx_HAL_Driver/Inc -I../Drivers/STM32H7xx_HAL_Driver/Inc/Legacy -I../Drivers/CMSIS/Device/ST/STM32H7xx/Include -I../Drivers/CMSIS/Include -O0 -ffunction-sections -fdata-sections -Wall -fstack-usage -fcyclomatic-complexity -MMD -MP -MF"Core/Src/main.d" -MT"Core/Src/main.o" --specs=nano.specs -mfpu=fpv5-d16 -mfloat-abi=hard -mthumb -o "Core/Src/main.o"
arm-none-eabi-gcc "../Core/Src/stm32h7xx_it.c" -mcpu=cortex-m7 -std=gnu11 -g3 -DDEBUG -DUSE_HAL_DRIVER -DSTM32H7A3xxQ -c -I../Core/Inc -I../Drivers/STM32H7xx_HAL_Driver/Inc -I../Drivers/STM32H7xx_HAL_Driver/Inc/Legacy -I../Drivers/CMSIS/Device/ST/STM32H7xx/Include -I../Drivers/CMSIS/Include -O0 -ffunction-sections -fdata-sections -Wall -fstack-usage -fcyclomatic-complexity -MMD -MP -MF"Core/Src/stm32h7xx_it.d" -MT"Core/Src/stm32h7xx_it.o" --specs=nano.specs -mfpu=fpv5-d16 -mfloat-abi=hard -mthumb -o "Core/Src/stm32h7xx_it.o"
arm-none-eabi-gcc "../Core/Src/user.c" -mcpu=cortex-m7 -std=gnu11 -g3 -DDEBUG -DUSE_HAL_DRIVER -DSTM32H7A3xxQ -c -I../Core/Inc -I../Drivers/STM32H7xx_HAL_Driver/Inc -I../Drivers/STM32H7xx_HAL_Driver/Inc/Legacy -I../Drivers/CMSIS/Device/ST/STM32H7xx/Include -I../Drivers/CMSIS/Include -O0 -ffunction-sections -fdata-sections -Wall -fstack-usage -fcyclomatic-complexity -MMD -MP -MF"Core/Src/user.d" -MT"Core/Src/user.o" --specs=nano.specs -mfpu=fpv5-d16 -mfloat-abi=hard -mthumb -o "Core/Src/user.o"
../Core/Src/main.c: In function 'main':
../Core/Src/main.c:103:5: warning: implicit declaration of function 'LED_Process' [-Wimplicit-function-declaration]
  103 |     LED_Process();
      |     ^~~~~~~~~~~
arm-none-eabi-gcc -o "Nucleo-H7A3ZIQ_Test_01.elf" @"objects.list"   -mcpu=cortex-m7 -T"C:\000. Work\001. FW\Git_Nucleo-H7A3ZIQ\Nucleo-H7A3ZIQ_Test_01\STM32H7A3ZITXQ_FLASH.ld" --specs=nosys.specs -Wl,-Map="Nucleo-H7A3ZIQ_Test_01.map" -Wl,--gc-sections -static --specs=nano.specs -mfpu=fpv5-d16 -mfloat-abi=hard -mthumb -Wl,--start-group -lc -lm -Wl,--end-group
Finished building target: Nucleo-H7A3ZIQ_Test_01.elf
 
arm-none-eabi-size   Nucleo-H7A3ZIQ_Test_01.elf 
arm-none-eabi-objdump -h -S  Nucleo-H7A3ZIQ_Test_01.elf  > "Nucleo-H7A3ZIQ_Test_01.list"
   text	   data	    bss	    dec	    hex	filename
  24188	     24	   1800	  26012	   659c	Nucleo-H7A3ZIQ_Test_01.elf
Finished building: default.size.stdout
 
Finished building: Nucleo-H7A3ZIQ_Test_01.list
 
14:16:57 **** Incremental Build of configuration Debug for project Nucleo-H7A3ZIQ_Test_01 ****
make -j16 all 
arm-none-eabi-size   Nucleo-H7A3ZIQ_Test_01.elf 
   text	   data	    bss	    dec	    hex	filename
  24188	     24	   1800	  26012	   659c	Nucleo-H7A3ZIQ_Test_01.elf
Finished building: default.size.stdout
 
14:18:24 **** Incremental Build of configuration Debug for project Nucleo-H7A3ZIQ_Test_01 ****
make -j16 all 
arm-none-eabi-size   Nucleo-H7A3ZIQ_Test_01.elf 
   text	   data	    bss	    dec	    hex	filename
  24188	     24	   1800	  26012	   659c	Nucleo-H7A3ZIQ_Test_01.elf
Finished building: default.size.stdout
 
14:22:04 **** Incremental Build of configuration Debug for project Nucleo-H7A3ZIQ_Test_01 ****
make -j16 all 
arm-none-eabi-gcc "../Core/Src/led_proc.c" -mcpu=cortex-m7 -std=gnu11 -g3 -DDEBUG -DUSE_HAL_DRIVER -DSTM32H7A3xxQ -c -I../Core/Inc -I../Drivers/STM32H7xx_HAL_Driver/Inc -I../Drivers/STM32H7xx_HAL_Driver/Inc/Legacy -I../Drivers/CMSIS/Device/ST/STM32H7xx/Include -I../Drivers/CMSIS/Include -O0 -ffunction-sections -fdata-sections -Wall -fstack-usage -fcyclomatic-complexity -MMD -MP -MF"Core/Src/led_proc.d" -MT"Core/Src/led_proc.o" --specs=nano.specs -mfpu=fpv5-d16 -mfloat-abi=hard -mthumb -o "Core/Src/led_proc.o"
arm-none-eabi-gcc "../Core/Src/main.c" -mcpu=cortex-m7 -std=gnu11 -g3 -DDEBUG -DUSE_HAL_DRIVER -DSTM32H7A3xxQ -c -I../Core/Inc -I../Drivers/STM32H7xx_HAL_Driver/Inc -I../Drivers/STM32H7xx_HAL_Driver/Inc/Legacy -I../Drivers/CMSIS/Device/ST/STM32H7xx/Include -I../Drivers/CMSIS/Include -O0 -ffunction-sections -fdata-sections -Wall -fstack-usage -fcyclomatic-complexity -MMD -MP -MF"Core/Src/main.d" -MT"Core/Src/main.o" --specs=nano.specs -mfpu=fpv5-d16 -mfloat-abi=hard -mthumb -o "Core/Src/main.o"
../Core/Src/main.c: In function 'main':
../Core/Src/main.c:103:5: warning: implicit declaration of function 'LED_Process' [-Wimplicit-function-declaration]
  103 |     LED_Process();
      |     ^~~~~~~~~~~
arm-none-eabi-gcc -o "Nucleo-H7A3ZIQ_Test_01.elf" @"objects.list"   -mcpu=cortex-m7 -T"C:\000. Work\001. FW\Git_Nucleo-H7A3ZIQ\Nucleo-H7A3ZIQ_Test_01\STM32H7A3ZITXQ_FLASH.ld" --specs=nosys.specs -Wl,-Map="Nucleo-H7A3ZIQ_Test_01.map" -Wl,--gc-sections -static --specs=nano.specs -mfpu=fpv5-d16 -mfloat-abi=hard -mthumb -Wl,--start-group -lc -lm -Wl,--end-group
Finished building target: Nucleo-H7A3ZIQ_Test_01.elf
 
arm-none-eabi-size   Nucleo-H7A3ZIQ_Test_01.elf 
arm-none-eabi-objdump -h -S  Nucleo-H7A3ZIQ_Test_01.elf  > "Nucleo-H7A3ZIQ_Test_01.list"
   text	   data	    bss	    dec	    hex	filename
  24128	     24	   1800	  25952	   6560	Nucleo-H7A3ZIQ_Test_01.elf
Finished building: default.size.stdout
 
Finished building: Nucleo-H7A3ZIQ_Test_01.list
 
14:22:06 **** Incremental Build of configuration Debug for project Nucleo-H7A3ZIQ_Test_01 ****
make -j16 all 
arm-none-eabi-size   Nucleo-H7A3ZIQ_Test_01.elf 
   text	   data	    bss	    dec	    hex	filename
  24128	     24	   1800	  25952	   6560	Nucleo-H7A3ZIQ_Test_01.elf
Finished building: default.size.stdout
 
14:23:50 **** Incremental Build of configuration Debug for project Nucleo-H7A3ZIQ_Test_01 ****
make -j16 all 
arm-none-eabi-gcc "../Core/Src/main.c" -mcpu=cortex-m7 -std=gnu11 -g3 -DDEBUG -DUSE_HAL_DRIVER -DSTM32H7A3xxQ -c -I../Core/Inc -I../Drivers/STM32H7xx_HAL_Driver/Inc -I../Drivers/STM32H7xx_HAL_Driver/Inc/Legacy -I../Drivers/CMSIS/Device/ST/STM32H7xx/Include -I../Drivers/CMSIS/Include -O0 -ffunction-sections -fdata-sections -Wall -fstack-usage -fcyclomatic-complexity -MMD -MP -MF"Core/Src/main.d" -MT"Core/Src/main.o" --specs=nano.specs -mfpu=fpv5-d16 -mfloat-abi=hard -mthumb -o "Core/Src/main.o"
../Core/Src/main.c: In function 'main':
../Core/Src/main.c:104:5: warning: implicit declaration of function 'LED_Process' [-Wimplicit-function-declaration]
  104 |     LED_Process();
      |     ^~~~~~~~~~~
arm-none-eabi-gcc -o "Nucleo-H7A3ZIQ_Test_01.elf" @"objects.list"   -mcpu=cortex-m7 -T"C:\000. Work\001. FW\Git_Nucleo-H7A3ZIQ\Nucleo-H7A3ZIQ_Test_01\STM32H7A3ZITXQ_FLASH.ld" --specs=nosys.specs -Wl,-Map="Nucleo-H7A3ZIQ_Test_01.map" -Wl,--gc-sections -static --specs=nano.specs -mfpu=fpv5-d16 -mfloat-abi=hard -mthumb -Wl,--start-group -lc -lm -Wl,--end-group
Finished building target: Nucleo-H7A3ZIQ_Test_01.elf
 
arm-none-eabi-size   Nucleo-H7A3ZIQ_Test_01.elf 
arm-none-eabi-objdump -h -S  Nucleo-H7A3ZIQ_Test_01.elf  > "Nucleo-H7A3ZIQ_Test_01.list"
   text	   data	    bss	    dec	    hex	filename
  24148	     24	   1800	  25972	   6574	Nucleo-H7A3ZIQ_Test_01.elf
Finished building: default.size.stdout
 
Finished building: Nucleo-H7A3ZIQ_Test_01.list
 
14:23:52 **** Incremental Build of configuration Debug for project Nucleo-H7A3ZIQ_Test_01 ****
make -j16 all 
arm-none-eabi-size   Nucleo-H7A3ZIQ_Test_01.elf 
   text	   data	    bss	    dec	    hex	filename
  24148	     24	   1800	  25972	   6574	Nucleo-H7A3ZIQ_Test_01.elf
Finished building: default.size.stdout
 
14:25:48 **** Incremental Build of configuration Debug for project Nucleo-H7A3ZIQ_Test_01 ****
make -j16 all 
arm-none-eabi-gcc "../Core/Src/stm32h7xx_it.c" -mcpu=cortex-m7 -std=gnu11 -g3 -DDEBUG -DUSE_HAL_DRIVER -DSTM32H7A3xxQ -c -I../Core/Inc -I../Drivers/STM32H7xx_HAL_Driver/Inc -I../Drivers/STM32H7xx_HAL_Driver/Inc/Legacy -I../Drivers/CMSIS/Device/ST/STM32H7xx/Include -I../Drivers/CMSIS/Include -O0 -ffunction-sections -fdata-sections -Wall -fstack-usage -fcyclomatic-complexity -MMD -MP -MF"Core/Src/stm32h7xx_it.d" -MT"Core/Src/stm32h7xx_it.o" --specs=nano.specs -mfpu=fpv5-d16 -mfloat-abi=hard -mthumb -o "Core/Src/stm32h7xx_it.o"
arm-none-eabi-gcc -o "Nucleo-H7A3ZIQ_Test_01.elf" @"objects.list"   -mcpu=cortex-m7 -T"C:\000. Work\001. FW\Git_Nucleo-H7A3ZIQ\Nucleo-H7A3ZIQ_Test_01\STM32H7A3ZITXQ_FLASH.ld" --specs=nosys.specs -Wl,-Map="Nucleo-H7A3ZIQ_Test_01.map" -Wl,--gc-sections -static --specs=nano.specs -mfpu=fpv5-d16 -mfloat-abi=hard -mthumb -Wl,--start-group -lc -lm -Wl,--end-group
Finished building target: Nucleo-H7A3ZIQ_Test_01.elf
 
arm-none-eabi-size   Nucleo-H7A3ZIQ_Test_01.elf 
arm-none-eabi-objdump -h -S  Nucleo-H7A3ZIQ_Test_01.elf  > "Nucleo-H7A3ZIQ_Test_01.list"
   text	   data	    bss	    dec	    hex	filename
  24160	     24	   1800	  25984	   6580	Nucleo-H7A3ZIQ_Test_01.elf
Finished building: default.size.stdout
 
Finished building: Nucleo-H7A3ZIQ_Test_01.list
 
14:25:57 **** Incremental Build of configuration Debug for project Nucleo-H7A3ZIQ_Test_01 ****
make -j16 all 
arm-none-eabi-size   Nucleo-H7A3ZIQ_Test_01.elf 
   text	   data	    bss	    dec	    hex	filename
  24160	     24	   1800	  25984	   6580	Nucleo-H7A3ZIQ_Test_01.elf
Finished building: default.size.stdout
 
14:26:29 **** Incremental Build of configuration Debug for project Nucleo-H7A3ZIQ_Test_01 ****
make -j16 all 
arm-none-eabi-size   Nucleo-H7A3ZIQ_Test_01.elf 
   text	   data	    bss	    dec	    hex	filename
  24160	     24	   1800	  25984	   6580	Nucleo-H7A3ZIQ_Test_01.elf
Finished building: default.size.stdout
 
14:30:34 **** Incremental Build of configuration Debug for project Nucleo-H7A3ZIQ_Test_01 ****
make -j16 all 
arm-none-eabi-gcc "../Core/Src/main.c" -mcpu=cortex-m7 -std=gnu11 -g3 -DDEBUG -DUSE_HAL_DRIVER -DSTM32H7A3xxQ -c -I../Core/Inc -I../Drivers/STM32H7xx_HAL_Driver/Inc -I../Drivers/STM32H7xx_HAL_Driver/Inc/Legacy -I../Drivers/CMSIS/Device/ST/STM32H7xx/Include -I../Drivers/CMSIS/Include -O0 -ffunction-sections -fdata-sections -Wall -fstack-usage -fcyclomatic-complexity -MMD -MP -MF"Core/Src/main.d" -MT"Core/Src/main.o" --specs=nano.specs -mfpu=fpv5-d16 -mfloat-abi=hard -mthumb -o "Core/Src/main.o"
../Core/Src/main.c: In function 'main':
../Core/Src/main.c:104:5: warning: implicit declaration of function 'LED_Process' [-Wimplicit-function-declaration]
  104 |     LED_Process();
      |     ^~~~~~~~~~~
arm-none-eabi-gcc -o "Nucleo-H7A3ZIQ_Test_01.elf" @"objects.list"   -mcpu=cortex-m7 -T"C:\000. Work\001. FW\Git_Nucleo-H7A3ZIQ\Nucleo-H7A3ZIQ_Test_01\STM32H7A3ZITXQ_FLASH.ld" --specs=nosys.specs -Wl,-Map="Nucleo-H7A3ZIQ_Test_01.map" -Wl,--gc-sections -static --specs=nano.specs -mfpu=fpv5-d16 -mfloat-abi=hard -mthumb -Wl,--start-group -lc -lm -Wl,--end-group
Finished building target: Nucleo-H7A3ZIQ_Test_01.elf
 
arm-none-eabi-size   Nucleo-H7A3ZIQ_Test_01.elf 
arm-none-eabi-objdump -h -S  Nucleo-H7A3ZIQ_Test_01.elf  > "Nucleo-H7A3ZIQ_Test_01.list"
   text	   data	    bss	    dec	    hex	filename
  24392	     24	   1800	  26216	   6668	Nucleo-H7A3ZIQ_Test_01.elf
Finished building: default.size.stdout
 
Finished building: Nucleo-H7A3ZIQ_Test_01.list
 
14:30:38 **** Incremental Build of configuration Debug for project Nucleo-H7A3ZIQ_Test_01 ****
make -j16 all 
arm-none-eabi-size   Nucleo-H7A3ZIQ_Test_01.elf 
   text	   data	    bss	    dec	    hex	filename
  24392	     24	   1800	  26216	   6668	Nucleo-H7A3ZIQ_Test_01.elf
Finished building: default.size.stdout
 
14:31:17 **** Incremental Build of configuration Debug for project Nucleo-H7A3ZIQ_Test_01 ****
make -j16 all 
arm-none-eabi-gcc "../Core/Src/led_proc.c" -mcpu=cortex-m7 -std=gnu11 -g3 -DDEBUG -DUSE_HAL_DRIVER -DSTM32H7A3xxQ -c -I../Core/Inc -I../Drivers/STM32H7xx_HAL_Driver/Inc -I../Drivers/STM32H7xx_HAL_Driver/Inc/Legacy -I../Drivers/CMSIS/Device/ST/STM32H7xx/Include -I../Drivers/CMSIS/Include -O0 -ffunction-sections -fdata-sections -Wall -fstack-usage -fcyclomatic-complexity -MMD -MP -MF"Core/Src/led_proc.d" -MT"Core/Src/led_proc.o" --specs=nano.specs -mfpu=fpv5-d16 -mfloat-abi=hard -mthumb -o "Core/Src/led_proc.o"
arm-none-eabi-gcc -o "Nucleo-H7A3ZIQ_Test_01.elf" @"objects.list"   -mcpu=cortex-m7 -T"C:\000. Work\001. FW\Git_Nucleo-H7A3ZIQ\Nucleo-H7A3ZIQ_Test_01\STM32H7A3ZITXQ_FLASH.ld" --specs=nosys.specs -Wl,-Map="Nucleo-H7A3ZIQ_Test_01.map" -Wl,--gc-sections -static --specs=nano.specs -mfpu=fpv5-d16 -mfloat-abi=hard -mthumb -Wl,--start-group -lc -lm -Wl,--end-group
Finished building target: Nucleo-H7A3ZIQ_Test_01.elf
 
arm-none-eabi-size   Nucleo-H7A3ZIQ_Test_01.elf 
arm-none-eabi-objdump -h -S  Nucleo-H7A3ZIQ_Test_01.elf  > "Nucleo-H7A3ZIQ_Test_01.list"
   text	   data	    bss	    dec	    hex	filename
  24392	     24	   1800	  26216	   6668	Nucleo-H7A3ZIQ_Test_01.elf
Finished building: default.size.stdout
 
Finished building: Nucleo-H7A3ZIQ_Test_01.list
 
14:31:19 **** Incremental Build of configuration Debug for project Nucleo-H7A3ZIQ_Test_01 ****
make -j16 all 
arm-none-eabi-size   Nucleo-H7A3ZIQ_Test_01.elf 
   text	   data	    bss	    dec	    hex	filename
  24392	     24	   1800	  26216	   6668	Nucleo-H7A3ZIQ_Test_01.elf
Finished building: default.size.stdout
 
17:19:49 **** Incremental Build of configuration Debug for project Nucleo-H7A3ZIQ_Test_01 ****
make -j16 all 
arm-none-eabi-gcc "../Drivers/STM32H7xx_HAL_Driver/Src/stm32h7xx_hal_gpio.c" -mcpu=cortex-m7 -std=gnu11 -g3 -DDEBUG -DUSE_HAL_DRIVER -DSTM32H7A3xxQ -c -I../Core/Inc -I../Drivers/STM32H7xx_HAL_Driver/Inc -I../Drivers/STM32H7xx_HAL_Driver/Inc/Legacy -I../Drivers/CMSIS/Device/ST/STM32H7xx/Include -I../Drivers/CMSIS/Include -O0 -ffunction-sections -fdata-sections -Wall -fstack-usage -fcyclomatic-complexity -MMD -MP -MF"Drivers/STM32H7xx_HAL_Driver/Src/stm32h7xx_hal_gpio.d" -MT"Drivers/STM32H7xx_HAL_Driver/Src/stm32h7xx_hal_gpio.o" --specs=nano.specs -mfpu=fpv5-d16 -mfloat-abi=hard -mthumb -o "Drivers/STM32H7xx_HAL_Driver/Src/stm32h7xx_hal_gpio.o"
arm-none-eabi-gcc "../Core/Src/LED_Proc.c" -mcpu=cortex-m7 -std=gnu11 -g3 -DDEBUG -DUSE_HAL_DRIVER -DSTM32H7A3xxQ -c -I../Core/Inc -I../Drivers/STM32H7xx_HAL_Driver/Inc -I../Drivers/STM32H7xx_HAL_Driver/Inc/Legacy -I../Drivers/CMSIS/Device/ST/STM32H7xx/Include -I../Drivers/CMSIS/Include -O0 -ffunction-sections -fdata-sections -Wall -fstack-usage -fcyclomatic-complexity -MMD -MP -MF"Core/Src/LED_Proc.d" -MT"Core/Src/LED_Proc.o" --specs=nano.specs -mfpu=fpv5-d16 -mfloat-abi=hard -mthumb -o "Core/Src/LED_Proc.o"
arm-none-eabi-gcc "../Core/Src/gpio.c" -mcpu=cortex-m7 -std=gnu11 -g3 -DDEBUG -DUSE_HAL_DRIVER -DSTM32H7A3xxQ -c -I../Core/Inc -I../Drivers/STM32H7xx_HAL_Driver/Inc -I../Drivers/STM32H7xx_HAL_Driver/Inc/Legacy -I../Drivers/CMSIS/Device/ST/STM32H7xx/Include -I../Drivers/CMSIS/Include -O0 -ffunction-sections -fdata-sections -Wall -fstack-usage -fcyclomatic-complexity -MMD -MP -MF"Core/Src/gpio.d" -MT"Core/Src/gpio.o" --specs=nano.specs -mfpu=fpv5-d16 -mfloat-abi=hard -mthumb -o "Core/Src/gpio.o"
arm-none-eabi-gcc "../Core/Src/main.c" -mcpu=cortex-m7 -std=gnu11 -g3 -DDEBUG -DUSE_HAL_DRIVER -DSTM32H7A3xxQ -c -I../Core/Inc -I../Drivers/STM32H7xx_HAL_Driver/Inc -I../Drivers/STM32H7xx_HAL_Driver/Inc/Legacy -I../Drivers/CMSIS/Device/ST/STM32H7xx/Include -I../Drivers/CMSIS/Include -O0 -ffunction-sections -fdata-sections -Wall -fstack-usage -fcyclomatic-complexity -MMD -MP -MF"Core/Src/main.d" -MT"Core/Src/main.o" --specs=nano.specs -mfpu=fpv5-d16 -mfloat-abi=hard -mthumb -o "Core/Src/main.o"
arm-none-eabi-gcc "../Core/Src/stm32h7xx_hal_msp.c" -mcpu=cortex-m7 -std=gnu11 -g3 -DDEBUG -DUSE_HAL_DRIVER -DSTM32H7A3xxQ -c -I../Core/Inc -I../Drivers/STM32H7xx_HAL_Driver/Inc -I../Drivers/STM32H7xx_HAL_Driver/Inc/Legacy -I../Drivers/CMSIS/Device/ST/STM32H7xx/Include -I../Drivers/CMSIS/Include -O0 -ffunction-sections -fdata-sections -Wall -fstack-usage -fcyclomatic-complexity -MMD -MP -MF"Core/Src/stm32h7xx_hal_msp.d" -MT"Core/Src/stm32h7xx_hal_msp.o" --specs=nano.specs -mfpu=fpv5-d16 -mfloat-abi=hard -mthumb -o "Core/Src/stm32h7xx_hal_msp.o"
arm-none-eabi-gcc "../Core/Src/stm32h7xx_it.c" -mcpu=cortex-m7 -std=gnu11 -g3 -DDEBUG -DUSE_HAL_DRIVER -DSTM32H7A3xxQ -c -I../Core/Inc -I../Drivers/STM32H7xx_HAL_Driver/Inc -I../Drivers/STM32H7xx_HAL_Driver/Inc/Legacy -I../Drivers/CMSIS/Device/ST/STM32H7xx/Include -I../Drivers/CMSIS/Include -O0 -ffunction-sections -fdata-sections -Wall -fstack-usage -fcyclomatic-complexity -MMD -MP -MF"Core/Src/stm32h7xx_it.d" -MT"Core/Src/stm32h7xx_it.o" --specs=nano.specs -mfpu=fpv5-d16 -mfloat-abi=hard -mthumb -o "Core/Src/stm32h7xx_it.o"
arm-none-eabi-gcc "../Core/Src/syscalls.c" -mcpu=cortex-m7 -std=gnu11 -g3 -DDEBUG -DUSE_HAL_DRIVER -DSTM32H7A3xxQ -c -I../Core/Inc -I../Drivers/STM32H7xx_HAL_Driver/Inc -I../Drivers/STM32H7xx_HAL_Driver/Inc/Legacy -I../Drivers/CMSIS/Device/ST/STM32H7xx/Include -I../Drivers/CMSIS/Include -O0 -ffunction-sections -fdata-sections -Wall -fstack-usage -fcyclomatic-complexity -MMD -MP -MF"Core/Src/syscalls.d" -MT"Core/Src/syscalls.o" --specs=nano.specs -mfpu=fpv5-d16 -mfloat-abi=hard -mthumb -o "Core/Src/syscalls.o"
arm-none-eabi-gcc "../Core/Src/sysmem.c" -mcpu=cortex-m7 -std=gnu11 -g3 -DDEBUG -DUSE_HAL_DRIVER -DSTM32H7A3xxQ -c -I../Core/Inc -I../Drivers/STM32H7xx_HAL_Driver/Inc -I../Drivers/STM32H7xx_HAL_Driver/Inc/Legacy -I../Drivers/CMSIS/Device/ST/STM32H7xx/Include -I../Drivers/CMSIS/Include -O0 -ffunction-sections -fdata-sections -Wall -fstack-usage -fcyclomatic-complexity -MMD -MP -MF"Core/Src/sysmem.d" -MT"Core/Src/sysmem.o" --specs=nano.specs -mfpu=fpv5-d16 -mfloat-abi=hard -mthumb -o "Core/Src/sysmem.o"
arm-none-eabi-gcc "../Core/Src/system_stm32h7xx.c" -mcpu=cortex-m7 -std=gnu11 -g3 -DDEBUG -DUSE_HAL_DRIVER -DSTM32H7A3xxQ -c -I../Core/Inc -I../Drivers/STM32H7xx_HAL_Driver/Inc -I../Drivers/STM32H7xx_HAL_Driver/Inc/Legacy -I../Drivers/CMSIS/Device/ST/STM32H7xx/Include -I../Drivers/CMSIS/Include -O0 -ffunction-sections -fdata-sections -Wall -fstack-usage -fcyclomatic-complexity -MMD -MP -MF"Core/Src/system_stm32h7xx.d" -MT"Core/Src/system_stm32h7xx.o" --specs=nano.specs -mfpu=fpv5-d16 -mfloat-abi=hard -mthumb -o "Core/Src/system_stm32h7xx.o"
arm-none-eabi-gcc "../Core/Src/tim.c" -mcpu=cortex-m7 -std=gnu11 -g3 -DDEBUG -DUSE_HAL_DRIVER -DSTM32H7A3xxQ -c -I../Core/Inc -I../Drivers/STM32H7xx_HAL_Driver/Inc -I../Drivers/STM32H7xx_HAL_Driver/Inc/Legacy -I../Drivers/CMSIS/Device/ST/STM32H7xx/Include -I../Drivers/CMSIS/Include -O0 -ffunction-sections -fdata-sections -Wall -fstack-usage -fcyclomatic-complexity -MMD -MP -MF"Core/Src/tim.d" -MT"Core/Src/tim.o" --specs=nano.specs -mfpu=fpv5-d16 -mfloat-abi=hard -mthumb -o "Core/Src/tim.o"
arm-none-eabi-gcc "../Core/Src/usart.c" -mcpu=cortex-m7 -std=gnu11 -g3 -DDEBUG -DUSE_HAL_DRIVER -DSTM32H7A3xxQ -c -I../Core/Inc -I../Drivers/STM32H7xx_HAL_Driver/Inc -I../Drivers/STM32H7xx_HAL_Driver/Inc/Legacy -I../Drivers/CMSIS/Device/ST/STM32H7xx/Include -I../Drivers/CMSIS/Include -O0 -ffunction-sections -fdata-sections -Wall -fstack-usage -fcyclomatic-complexity -MMD -MP -MF"Core/Src/usart.d" -MT"Core/Src/usart.o" --specs=nano.specs -mfpu=fpv5-d16 -mfloat-abi=hard -mthumb -o "Core/Src/usart.o"
arm-none-eabi-gcc "../Core/Src/usb_otg.c" -mcpu=cortex-m7 -std=gnu11 -g3 -DDEBUG -DUSE_HAL_DRIVER -DSTM32H7A3xxQ -c -I../Core/Inc -I../Drivers/STM32H7xx_HAL_Driver/Inc -I../Drivers/STM32H7xx_HAL_Driver/Inc/Legacy -I../Drivers/CMSIS/Device/ST/STM32H7xx/Include -I../Drivers/CMSIS/Include -O0 -ffunction-sections -fdata-sections -Wall -fstack-usage -fcyclomatic-complexity -MMD -MP -MF"Core/Src/usb_otg.d" -MT"Core/Src/usb_otg.o" --specs=nano.specs -mfpu=fpv5-d16 -mfloat-abi=hard -mthumb -o "Core/Src/usb_otg.o"
arm-none-eabi-gcc "../Core/Src/user.c" -mcpu=cortex-m7 -std=gnu11 -g3 -DDEBUG -DUSE_HAL_DRIVER -DSTM32H7A3xxQ -c -I../Core/Inc -I../Drivers/STM32H7xx_HAL_Driver/Inc -I../Drivers/STM32H7xx_HAL_Driver/Inc/Legacy -I../Drivers/CMSIS/Device/ST/STM32H7xx/Include -I../Drivers/CMSIS/Include -O0 -ffunction-sections -fdata-sections -Wall -fstack-usage -fcyclomatic-complexity -MMD -MP -MF"Core/Src/user.d" -MT"Core/Src/user.o" --specs=nano.specs -mfpu=fpv5-d16 -mfloat-abi=hard -mthumb -o "Core/Src/user.o"
../Core/Src/main.c: In function 'main':
../Core/Src/main.c:105:5: warning: implicit declaration of function 'LED_Process' [-Wimplicit-function-declaration]
  105 |     LED_Process();
      |     ^~~~~~~~~~~
arm-none-eabi-gcc -o "Nucleo-H7A3ZIQ_Test_01.elf" @"objects.list"   -mcpu=cortex-m7 -T"C:\000. Work\001. FW\Git_Nucleo-H7A3ZIQ\Nucleo-H7A3ZIQ_Test_01\STM32H7A3ZITXQ_FLASH.ld" --specs=nosys.specs -Wl,-Map="Nucleo-H7A3ZIQ_Test_01.map" -Wl,--gc-sections -static --specs=nano.specs -mfpu=fpv5-d16 -mfloat-abi=hard -mthumb -Wl,--start-group -lc -lm -Wl,--end-group
Finished building target: Nucleo-H7A3ZIQ_Test_01.elf
 
arm-none-eabi-size   Nucleo-H7A3ZIQ_Test_01.elf 
arm-none-eabi-objdump -h -S  Nucleo-H7A3ZIQ_Test_01.elf  > "Nucleo-H7A3ZIQ_Test_01.list"
   text	   data	    bss	    dec	    hex	filename
  24628	     24	   1872	  26524	   679c	Nucleo-H7A3ZIQ_Test_01.elf
Finished building: default.size.stdout
 
Finished building: Nucleo-H7A3ZIQ_Test_01.list
 
17:21:51 **** Incremental Build of configuration Debug for project Nucleo-H7A3ZIQ_Test_01 ****
make -j16 all 
arm-none-eabi-gcc "../Core/Src/LED_Proc.c" -mcpu=cortex-m7 -std=gnu11 -g3 -DDEBUG -DUSE_HAL_DRIVER -DSTM32H7A3xxQ -c -I../Core/Inc -I../Drivers/STM32H7xx_HAL_Driver/Inc -I../Drivers/STM32H7xx_HAL_Driver/Inc/Legacy -I../Drivers/CMSIS/Device/ST/STM32H7xx/Include -I../Drivers/CMSIS/Include -O0 -ffunction-sections -fdata-sections -Wall -fstack-usage -fcyclomatic-complexity -MMD -MP -MF"Core/Src/LED_Proc.d" -MT"Core/Src/LED_Proc.o" --specs=nano.specs -mfpu=fpv5-d16 -mfloat-abi=hard -mthumb -o "Core/Src/LED_Proc.o"
arm-none-eabi-gcc "../Core/Src/stm32h7xx_it.c" -mcpu=cortex-m7 -std=gnu11 -g3 -DDEBUG -DUSE_HAL_DRIVER -DSTM32H7A3xxQ -c -I../Core/Inc -I../Drivers/STM32H7xx_HAL_Driver/Inc -I../Drivers/STM32H7xx_HAL_Driver/Inc/Legacy -I../Drivers/CMSIS/Device/ST/STM32H7xx/Include -I../Drivers/CMSIS/Include -O0 -ffunction-sections -fdata-sections -Wall -fstack-usage -fcyclomatic-complexity -MMD -MP -MF"Core/Src/stm32h7xx_it.d" -MT"Core/Src/stm32h7xx_it.o" --specs=nano.specs -mfpu=fpv5-d16 -mfloat-abi=hard -mthumb -o "Core/Src/stm32h7xx_it.o"
arm-none-eabi-gcc "../Core/Src/user.c" -mcpu=cortex-m7 -std=gnu11 -g3 -DDEBUG -DUSE_HAL_DRIVER -DSTM32H7A3xxQ -c -I../Core/Inc -I../Drivers/STM32H7xx_HAL_Driver/Inc -I../Drivers/STM32H7xx_HAL_Driver/Inc/Legacy -I../Drivers/CMSIS/Device/ST/STM32H7xx/Include -I../Drivers/CMSIS/Include -O0 -ffunction-sections -fdata-sections -Wall -fstack-usage -fcyclomatic-complexity -MMD -MP -MF"Core/Src/user.d" -MT"Core/Src/user.o" --specs=nano.specs -mfpu=fpv5-d16 -mfloat-abi=hard -mthumb -o "Core/Src/user.o"
../Core/Src/LED_Proc.c: In function 'LED_Process':
../Core/Src/LED_Proc.c:43:12: error: 'TIM2_CNT' undeclared (first use in this function); did you mean 'TIM1_CNT'?
   43 |   else if (TIM2_CNT > 49999)
      |            ^~~~~~~~
      |            TIM1_CNT
../Core/Src/LED_Proc.c:43:12: note: each undeclared identifier is reported only once for each function it appears in
../Core/Src/stm32h7xx_it.c: In function 'HAL_TIM_PeriodElapsedCallback':
../Core/Src/stm32h7xx_it.c:240:5: error: 'TIM2_CNT' undeclared (first use in this function); did you mean 'TIM1_CNT'?
  240 |     TIM2_CNT++;
      |     ^~~~~~~~
      |     TIM1_CNT
../Core/Src/stm32h7xx_it.c:240:5: note: each undeclared identifier is reported only once for each function it appears in
make: *** [Core/Src/subdir.mk:52: Core/Src/LED_Proc.o] Error 1
make: *** Waiting for unfinished jobs....
make: *** [Core/Src/subdir.mk:52: Core/Src/stm32h7xx_it.o] Error 1
"make -j16 all" terminated with exit code 2. Build might be incomplete.
17:22:14 **** Incremental Build of configuration Debug for project Nucleo-H7A3ZIQ_Test_01 ****
make -j16 all 
arm-none-eabi-gcc "../Core/Src/LED_Proc.c" -mcpu=cortex-m7 -std=gnu11 -g3 -DDEBUG -DUSE_HAL_DRIVER -DSTM32H7A3xxQ -c -I../Core/Inc -I../Drivers/STM32H7xx_HAL_Driver/Inc -I../Drivers/STM32H7xx_HAL_Driver/Inc/Legacy -I../Drivers/CMSIS/Device/ST/STM32H7xx/Include -I../Drivers/CMSIS/Include -O0 -ffunction-sections -fdata-sections -Wall -fstack-usage -fcyclomatic-complexity -MMD -MP -MF"Core/Src/LED_Proc.d" -MT"Core/Src/LED_Proc.o" --specs=nano.specs -mfpu=fpv5-d16 -mfloat-abi=hard -mthumb -o "Core/Src/LED_Proc.o"
arm-none-eabi-gcc "../Core/Src/main.c" -mcpu=cortex-m7 -std=gnu11 -g3 -DDEBUG -DUSE_HAL_DRIVER -DSTM32H7A3xxQ -c -I../Core/Inc -I../Drivers/STM32H7xx_HAL_Driver/Inc -I../Drivers/STM32H7xx_HAL_Driver/Inc/Legacy -I../Drivers/CMSIS/Device/ST/STM32H7xx/Include -I../Drivers/CMSIS/Include -O0 -ffunction-sections -fdata-sections -Wall -fstack-usage -fcyclomatic-complexity -MMD -MP -MF"Core/Src/main.d" -MT"Core/Src/main.o" --specs=nano.specs -mfpu=fpv5-d16 -mfloat-abi=hard -mthumb -o "Core/Src/main.o"
arm-none-eabi-gcc "../Core/Src/stm32h7xx_it.c" -mcpu=cortex-m7 -std=gnu11 -g3 -DDEBUG -DUSE_HAL_DRIVER -DSTM32H7A3xxQ -c -I../Core/Inc -I../Drivers/STM32H7xx_HAL_Driver/Inc -I../Drivers/STM32H7xx_HAL_Driver/Inc/Legacy -I../Drivers/CMSIS/Device/ST/STM32H7xx/Include -I../Drivers/CMSIS/Include -O0 -ffunction-sections -fdata-sections -Wall -fstack-usage -fcyclomatic-complexity -MMD -MP -MF"Core/Src/stm32h7xx_it.d" -MT"Core/Src/stm32h7xx_it.o" --specs=nano.specs -mfpu=fpv5-d16 -mfloat-abi=hard -mthumb -o "Core/Src/stm32h7xx_it.o"
arm-none-eabi-gcc "../Core/Src/user.c" -mcpu=cortex-m7 -std=gnu11 -g3 -DDEBUG -DUSE_HAL_DRIVER -DSTM32H7A3xxQ -c -I../Core/Inc -I../Drivers/STM32H7xx_HAL_Driver/Inc -I../Drivers/STM32H7xx_HAL_Driver/Inc/Legacy -I../Drivers/CMSIS/Device/ST/STM32H7xx/Include -I../Drivers/CMSIS/Include -O0 -ffunction-sections -fdata-sections -Wall -fstack-usage -fcyclomatic-complexity -MMD -MP -MF"Core/Src/user.d" -MT"Core/Src/user.o" --specs=nano.specs -mfpu=fpv5-d16 -mfloat-abi=hard -mthumb -o "Core/Src/user.o"
../Core/Src/main.c: In function 'main':
../Core/Src/main.c:105:5: warning: implicit declaration of function 'LED_Process' [-Wimplicit-function-declaration]
  105 |     LED_Process();
      |     ^~~~~~~~~~~
arm-none-eabi-gcc -o "Nucleo-H7A3ZIQ_Test_01.elf" @"objects.list"   -mcpu=cortex-m7 -T"C:\000. Work\001. FW\Git_Nucleo-H7A3ZIQ\Nucleo-H7A3ZIQ_Test_01\STM32H7A3ZITXQ_FLASH.ld" --specs=nosys.specs -Wl,-Map="Nucleo-H7A3ZIQ_Test_01.map" -Wl,--gc-sections -static --specs=nano.specs -mfpu=fpv5-d16 -mfloat-abi=hard -mthumb -Wl,--start-group -lc -lm -Wl,--end-group
Finished building target: Nucleo-H7A3ZIQ_Test_01.elf
 
arm-none-eabi-size   Nucleo-H7A3ZIQ_Test_01.elf 
arm-none-eabi-objdump -h -S  Nucleo-H7A3ZIQ_Test_01.elf  > "Nucleo-H7A3ZIQ_Test_01.list"
   text	   data	    bss	    dec	    hex	filename
  24672	     24	   1880	  26576	   67d0	Nucleo-H7A3ZIQ_Test_01.elf
Finished building: default.size.stdout
 
Finished building: Nucleo-H7A3ZIQ_Test_01.list
 
17:22:16 **** Incremental Build of configuration Debug for project Nucleo-H7A3ZIQ_Test_01 ****
make -j16 all 
arm-none-eabi-size   Nucleo-H7A3ZIQ_Test_01.elf 
   text	   data	    bss	    dec	    hex	filename
  24672	     24	   1880	  26576	   67d0	Nucleo-H7A3ZIQ_Test_01.elf
Finished building: default.size.stdout
 
17:22:52 **** Incremental Build of configuration Debug for project Nucleo-H7A3ZIQ_Test_01 ****
make -j16 all 
arm-none-eabi-gcc "../Core/Src/main.c" -mcpu=cortex-m7 -std=gnu11 -g3 -DDEBUG -DUSE_HAL_DRIVER -DSTM32H7A3xxQ -c -I../Core/Inc -I../Drivers/STM32H7xx_HAL_Driver/Inc -I../Drivers/STM32H7xx_HAL_Driver/Inc/Legacy -I../Drivers/CMSIS/Device/ST/STM32H7xx/Include -I../Drivers/CMSIS/Include -O0 -ffunction-sections -fdata-sections -Wall -fstack-usage -fcyclomatic-complexity -MMD -MP -MF"Core/Src/main.d" -MT"Core/Src/main.o" --specs=nano.specs -mfpu=fpv5-d16 -mfloat-abi=hard -mthumb -o "Core/Src/main.o"
../Core/Src/main.c: In function 'main':
../Core/Src/main.c:106:5: warning: implicit declaration of function 'LED_Process' [-Wimplicit-function-declaration]
  106 |     LED_Process();
      |     ^~~~~~~~~~~
arm-none-eabi-gcc -o "Nucleo-H7A3ZIQ_Test_01.elf" @"objects.list"   -mcpu=cortex-m7 -T"C:\000. Work\001. FW\Git_Nucleo-H7A3ZIQ\Nucleo-H7A3ZIQ_Test_01\STM32H7A3ZITXQ_FLASH.ld" --specs=nosys.specs -Wl,-Map="Nucleo-H7A3ZIQ_Test_01.map" -Wl,--gc-sections -static --specs=nano.specs -mfpu=fpv5-d16 -mfloat-abi=hard -mthumb -Wl,--start-group -lc -lm -Wl,--end-group
Finished building target: Nucleo-H7A3ZIQ_Test_01.elf
 
arm-none-eabi-size   Nucleo-H7A3ZIQ_Test_01.elf 
arm-none-eabi-objdump -h -S  Nucleo-H7A3ZIQ_Test_01.elf  > "Nucleo-H7A3ZIQ_Test_01.list"
   text	   data	    bss	    dec	    hex	filename
  24684	     24	   1880	  26588	   67dc	Nucleo-H7A3ZIQ_Test_01.elf
Finished building: default.size.stdout
 
Finished building: Nucleo-H7A3ZIQ_Test_01.list
 
17:22:55 **** Incremental Build of configuration Debug for project Nucleo-H7A3ZIQ_Test_01 ****
make -j16 all 
arm-none-eabi-size   Nucleo-H7A3ZIQ_Test_01.elf 
   text	   data	    bss	    dec	    hex	filename
  24684	     24	   1880	  26588	   67dc	Nucleo-H7A3ZIQ_Test_01.elf
Finished building: default.size.stdout
 
17:23:31 **** Incremental Build of configuration Debug for project Nucleo-H7A3ZIQ_Test_01 ****
make -j16 all 
arm-none-eabi-gcc "../Core/Src/LED_Proc.c" -mcpu=cortex-m7 -std=gnu11 -g3 -DDEBUG -DUSE_HAL_DRIVER -DSTM32H7A3xxQ -c -I../Core/Inc -I../Drivers/STM32H7xx_HAL_Driver/Inc -I../Drivers/STM32H7xx_HAL_Driver/Inc/Legacy -I../Drivers/CMSIS/Device/ST/STM32H7xx/Include -I../Drivers/CMSIS/Include -O0 -ffunction-sections -fdata-sections -Wall -fstack-usage -fcyclomatic-complexity -MMD -MP -MF"Core/Src/LED_Proc.d" -MT"Core/Src/LED_Proc.o" --specs=nano.specs -mfpu=fpv5-d16 -mfloat-abi=hard -mthumb -o "Core/Src/LED_Proc.o"
arm-none-eabi-gcc -o "Nucleo-H7A3ZIQ_Test_01.elf" @"objects.list"   -mcpu=cortex-m7 -T"C:\000. Work\001. FW\Git_Nucleo-H7A3ZIQ\Nucleo-H7A3ZIQ_Test_01\STM32H7A3ZITXQ_FLASH.ld" --specs=nosys.specs -Wl,-Map="Nucleo-H7A3ZIQ_Test_01.map" -Wl,--gc-sections -static --specs=nano.specs -mfpu=fpv5-d16 -mfloat-abi=hard -mthumb -Wl,--start-group -lc -lm -Wl,--end-group
Finished building target: Nucleo-H7A3ZIQ_Test_01.elf
 
arm-none-eabi-size   Nucleo-H7A3ZIQ_Test_01.elf 
arm-none-eabi-objdump -h -S  Nucleo-H7A3ZIQ_Test_01.elf  > "Nucleo-H7A3ZIQ_Test_01.list"
   text	   data	    bss	    dec	    hex	filename
  24692	     24	   1880	  26596	   67e4	Nucleo-H7A3ZIQ_Test_01.elf
Finished building: default.size.stdout
 
Finished building: Nucleo-H7A3ZIQ_Test_01.list
 
17:23:34 **** Incremental Build of configuration Debug for project Nucleo-H7A3ZIQ_Test_01 ****
make -j16 all 
arm-none-eabi-size   Nucleo-H7A3ZIQ_Test_01.elf 
   text	   data	    bss	    dec	    hex	filename
  24692	     24	   1880	  26596	   67e4	Nucleo-H7A3ZIQ_Test_01.elf
Finished building: default.size.stdout
 
17:24:08 **** Incremental Build of configuration Debug for project Nucleo-H7A3ZIQ_Test_01 ****
make -j16 all 
arm-none-eabi-gcc "../Core/Src/LED_Proc.c" -mcpu=cortex-m7 -std=gnu11 -g3 -DDEBUG -DUSE_HAL_DRIVER -DSTM32H7A3xxQ -c -I../Core/Inc -I../Drivers/STM32H7xx_HAL_Driver/Inc -I../Drivers/STM32H7xx_HAL_Driver/Inc/Legacy -I../Drivers/CMSIS/Device/ST/STM32H7xx/Include -I../Drivers/CMSIS/Include -O0 -ffunction-sections -fdata-sections -Wall -fstack-usage -fcyclomatic-complexity -MMD -MP -MF"Core/Src/LED_Proc.d" -MT"Core/Src/LED_Proc.o" --specs=nano.specs -mfpu=fpv5-d16 -mfloat-abi=hard -mthumb -o "Core/Src/LED_Proc.o"
arm-none-eabi-gcc -o "Nucleo-H7A3ZIQ_Test_01.elf" @"objects.list"   -mcpu=cortex-m7 -T"C:\000. Work\001. FW\Git_Nucleo-H7A3ZIQ\Nucleo-H7A3ZIQ_Test_01\STM32H7A3ZITXQ_FLASH.ld" --specs=nosys.specs -Wl,-Map="Nucleo-H7A3ZIQ_Test_01.map" -Wl,--gc-sections -static --specs=nano.specs -mfpu=fpv5-d16 -mfloat-abi=hard -mthumb -Wl,--start-group -lc -lm -Wl,--end-group
Finished building target: Nucleo-H7A3ZIQ_Test_01.elf
 
arm-none-eabi-size   Nucleo-H7A3ZIQ_Test_01.elf 
arm-none-eabi-objdump -h -S  Nucleo-H7A3ZIQ_Test_01.elf  > "Nucleo-H7A3ZIQ_Test_01.list"
   text	   data	    bss	    dec	    hex	filename
  24692	     24	   1880	  26596	   67e4	Nucleo-H7A3ZIQ_Test_01.elf
Finished building: default.size.stdout
 
Finished building: Nucleo-H7A3ZIQ_Test_01.list
 
17:24:16 **** Incremental Build of configuration Debug for project Nucleo-H7A3ZIQ_Test_01 ****
make -j16 all 
arm-none-eabi-size   Nucleo-H7A3ZIQ_Test_01.elf 
   text	   data	    bss	    dec	    hex	filename
  24692	     24	   1880	  26596	   67e4	Nucleo-H7A3ZIQ_Test_01.elf
Finished building: default.size.stdout
 
17:24:18 **** Incremental Build of configuration Debug for project Nucleo-H7A3ZIQ_Test_01 ****
make -j16 all 
arm-none-eabi-size   Nucleo-H7A3ZIQ_Test_01.elf 
   text	   data	    bss	    dec	    hex	filename
  24692	     24	   1880	  26596	   67e4	Nucleo-H7A3ZIQ_Test_01.elf
Finished building: default.size.stdout
 
17:25:23 **** Incremental Build of configuration Debug for project Nucleo-H7A3ZIQ_Test_01 ****
make -j16 all 
arm-none-eabi-gcc "../Core/Src/LED_Proc.c" -mcpu=cortex-m7 -std=gnu11 -g3 -DDEBUG -DUSE_HAL_DRIVER -DSTM32H7A3xxQ -c -I../Core/Inc -I../Drivers/STM32H7xx_HAL_Driver/Inc -I../Drivers/STM32H7xx_HAL_Driver/Inc/Legacy -I../Drivers/CMSIS/Device/ST/STM32H7xx/Include -I../Drivers/CMSIS/Include -O0 -ffunction-sections -fdata-sections -Wall -fstack-usage -fcyclomatic-complexity -MMD -MP -MF"Core/Src/LED_Proc.d" -MT"Core/Src/LED_Proc.o" --specs=nano.specs -mfpu=fpv5-d16 -mfloat-abi=hard -mthumb -o "Core/Src/LED_Proc.o"
arm-none-eabi-gcc -o "Nucleo-H7A3ZIQ_Test_01.elf" @"objects.list"   -mcpu=cortex-m7 -T"C:\000. Work\001. FW\Git_Nucleo-H7A3ZIQ\Nucleo-H7A3ZIQ_Test_01\STM32H7A3ZITXQ_FLASH.ld" --specs=nosys.specs -Wl,-Map="Nucleo-H7A3ZIQ_Test_01.map" -Wl,--gc-sections -static --specs=nano.specs -mfpu=fpv5-d16 -mfloat-abi=hard -mthumb -Wl,--start-group -lc -lm -Wl,--end-group
Finished building target: Nucleo-H7A3ZIQ_Test_01.elf
 
arm-none-eabi-size   Nucleo-H7A3ZIQ_Test_01.elf 
arm-none-eabi-objdump -h -S  Nucleo-H7A3ZIQ_Test_01.elf  > "Nucleo-H7A3ZIQ_Test_01.list"
   text	   data	    bss	    dec	    hex	filename
  24692	     24	   1880	  26596	   67e4	Nucleo-H7A3ZIQ_Test_01.elf
Finished building: default.size.stdout
 
Finished building: Nucleo-H7A3ZIQ_Test_01.list
 
17:25:28 **** Incremental Build of configuration Debug for project Nucleo-H7A3ZIQ_Test_01 ****
make -j16 all 
arm-none-eabi-size   Nucleo-H7A3ZIQ_Test_01.elf 
   text	   data	    bss	    dec	    hex	filename
  24692	     24	   1880	  26596	   67e4	Nucleo-H7A3ZIQ_Test_01.elf
Finished building: default.size.stdout
 
17:27:09 **** Incremental Build of configuration Debug for project Nucleo-H7A3ZIQ_Test_01 ****
make -j16 all 
arm-none-eabi-gcc "../Core/Src/LED_Proc.c" -mcpu=cortex-m7 -std=gnu11 -g3 -DDEBUG -DUSE_HAL_DRIVER -DSTM32H7A3xxQ -c -I../Core/Inc -I../Drivers/STM32H7xx_HAL_Driver/Inc -I../Drivers/STM32H7xx_HAL_Driver/Inc/Legacy -I../Drivers/CMSIS/Device/ST/STM32H7xx/Include -I../Drivers/CMSIS/Include -O0 -ffunction-sections -fdata-sections -Wall -fstack-usage -fcyclomatic-complexity -MMD -MP -MF"Core/Src/LED_Proc.d" -MT"Core/Src/LED_Proc.o" --specs=nano.specs -mfpu=fpv5-d16 -mfloat-abi=hard -mthumb -o "Core/Src/LED_Proc.o"
arm-none-eabi-gcc -o "Nucleo-H7A3ZIQ_Test_01.elf" @"objects.list"   -mcpu=cortex-m7 -T"C:\000. Work\001. FW\Git_Nucleo-H7A3ZIQ\Nucleo-H7A3ZIQ_Test_01\STM32H7A3ZITXQ_FLASH.ld" --specs=nosys.specs -Wl,-Map="Nucleo-H7A3ZIQ_Test_01.map" -Wl,--gc-sections -static --specs=nano.specs -mfpu=fpv5-d16 -mfloat-abi=hard -mthumb -Wl,--start-group -lc -lm -Wl,--end-group
Finished building target: Nucleo-H7A3ZIQ_Test_01.elf
 
arm-none-eabi-size   Nucleo-H7A3ZIQ_Test_01.elf 
arm-none-eabi-objdump -h -S  Nucleo-H7A3ZIQ_Test_01.elf  > "Nucleo-H7A3ZIQ_Test_01.list"
   text	   data	    bss	    dec	    hex	filename
  24692	     24	   1880	  26596	   67e4	Nucleo-H7A3ZIQ_Test_01.elf
Finished building: default.size.stdout
 
Finished building: Nucleo-H7A3ZIQ_Test_01.list
 
17:27:13 **** Incremental Build of configuration Debug for project Nucleo-H7A3ZIQ_Test_01 ****
make -j16 all 
arm-none-eabi-size   Nucleo-H7A3ZIQ_Test_01.elf 
   text	   data	    bss	    dec	    hex	filename
  24692	     24	   1880	  26596	   67e4	Nucleo-H7A3ZIQ_Test_01.elf
Finished building: default.size.stdout
 
17:30:02 **** Incremental Build of configuration Debug for project Nucleo-H7A3ZIQ_Test_01 ****
make -j16 all 
arm-none-eabi-gcc "../Core/Src/LED_Proc.c" -mcpu=cortex-m7 -std=gnu11 -g3 -DDEBUG -DUSE_HAL_DRIVER -DSTM32H7A3xxQ -c -I../Core/Inc -I../Drivers/STM32H7xx_HAL_Driver/Inc -I../Drivers/STM32H7xx_HAL_Driver/Inc/Legacy -I../Drivers/CMSIS/Device/ST/STM32H7xx/Include -I../Drivers/CMSIS/Include -O0 -ffunction-sections -fdata-sections -Wall -fstack-usage -fcyclomatic-complexity -MMD -MP -MF"Core/Src/LED_Proc.d" -MT"Core/Src/LED_Proc.o" --specs=nano.specs -mfpu=fpv5-d16 -mfloat-abi=hard -mthumb -o "Core/Src/LED_Proc.o"
arm-none-eabi-gcc "../Core/Src/tim.c" -mcpu=cortex-m7 -std=gnu11 -g3 -DDEBUG -DUSE_HAL_DRIVER -DSTM32H7A3xxQ -c -I../Core/Inc -I../Drivers/STM32H7xx_HAL_Driver/Inc -I../Drivers/STM32H7xx_HAL_Driver/Inc/Legacy -I../Drivers/CMSIS/Device/ST/STM32H7xx/Include -I../Drivers/CMSIS/Include -O0 -ffunction-sections -fdata-sections -Wall -fstack-usage -fcyclomatic-complexity -MMD -MP -MF"Core/Src/tim.d" -MT"Core/Src/tim.o" --specs=nano.specs -mfpu=fpv5-d16 -mfloat-abi=hard -mthumb -o "Core/Src/tim.o"
arm-none-eabi-gcc -o "Nucleo-H7A3ZIQ_Test_01.elf" @"objects.list"   -mcpu=cortex-m7 -T"C:\000. Work\001. FW\Git_Nucleo-H7A3ZIQ\Nucleo-H7A3ZIQ_Test_01\STM32H7A3ZITXQ_FLASH.ld" --specs=nosys.specs -Wl,-Map="Nucleo-H7A3ZIQ_Test_01.map" -Wl,--gc-sections -static --specs=nano.specs -mfpu=fpv5-d16 -mfloat-abi=hard -mthumb -Wl,--start-group -lc -lm -Wl,--end-group
Finished building target: Nucleo-H7A3ZIQ_Test_01.elf
 
arm-none-eabi-size   Nucleo-H7A3ZIQ_Test_01.elf 
arm-none-eabi-objdump -h -S  Nucleo-H7A3ZIQ_Test_01.elf  > "Nucleo-H7A3ZIQ_Test_01.list"
   text	   data	    bss	    dec	    hex	filename
  24692	     24	   1880	  26596	   67e4	Nucleo-H7A3ZIQ_Test_01.elf
Finished building: default.size.stdout
 
Finished building: Nucleo-H7A3ZIQ_Test_01.list
 
17:30:06 **** Incremental Build of configuration Debug for project Nucleo-H7A3ZIQ_Test_01 ****
make -j16 all 
arm-none-eabi-size   Nucleo-H7A3ZIQ_Test_01.elf 
   text	   data	    bss	    dec	    hex	filename
  24692	     24	   1880	  26596	   67e4	Nucleo-H7A3ZIQ_Test_01.elf
Finished building: default.size.stdout
 
17:34:46 **** Incremental Build of configuration Debug for project Nucleo-H7A3ZIQ_Test_01 ****
make -j16 all 
arm-none-eabi-gcc "../Core/Src/LED_Proc.c" -mcpu=cortex-m7 -std=gnu11 -g3 -DDEBUG -DUSE_HAL_DRIVER -DSTM32H7A3xxQ -c -I../Core/Inc -I../Drivers/STM32H7xx_HAL_Driver/Inc -I../Drivers/STM32H7xx_HAL_Driver/Inc/Legacy -I../Drivers/CMSIS/Device/ST/STM32H7xx/Include -I../Drivers/CMSIS/Include -O0 -ffunction-sections -fdata-sections -Wall -fstack-usage -fcyclomatic-complexity -MMD -MP -MF"Core/Src/LED_Proc.d" -MT"Core/Src/LED_Proc.o" --specs=nano.specs -mfpu=fpv5-d16 -mfloat-abi=hard -mthumb -o "Core/Src/LED_Proc.o"
arm-none-eabi-gcc -o "Nucleo-H7A3ZIQ_Test_01.elf" @"objects.list"   -mcpu=cortex-m7 -T"C:\000. Work\001. FW\Git_Nucleo-H7A3ZIQ\Nucleo-H7A3ZIQ_Test_01\STM32H7A3ZITXQ_FLASH.ld" --specs=nosys.specs -Wl,-Map="Nucleo-H7A3ZIQ_Test_01.map" -Wl,--gc-sections -static --specs=nano.specs -mfpu=fpv5-d16 -mfloat-abi=hard -mthumb -Wl,--start-group -lc -lm -Wl,--end-group
Finished building target: Nucleo-H7A3ZIQ_Test_01.elf
 
arm-none-eabi-size   Nucleo-H7A3ZIQ_Test_01.elf 
arm-none-eabi-objdump -h -S  Nucleo-H7A3ZIQ_Test_01.elf  > "Nucleo-H7A3ZIQ_Test_01.list"
   text	   data	    bss	    dec	    hex	filename
  24692	     24	   1880	  26596	   67e4	Nucleo-H7A3ZIQ_Test_01.elf
Finished building: default.size.stdout
 
Finished building: Nucleo-H7A3ZIQ_Test_01.list
 
17:34:52 **** Incremental Build of configuration Debug for project Nucleo-H7A3ZIQ_Test_01 ****
make -j16 all 
arm-none-eabi-size   Nucleo-H7A3ZIQ_Test_01.elf 
   text	   data	    bss	    dec	    hex	filename
  24692	     24	   1880	  26596	   67e4	Nucleo-H7A3ZIQ_Test_01.elf
Finished building: default.size.stdout
 
17:37:53 **** Incremental Build of configuration Debug for project Nucleo-H7A3ZIQ_Test_01 ****
make -j16 all 
arm-none-eabi-gcc "../Core/Src/LED_Proc.c" -mcpu=cortex-m7 -std=gnu11 -g3 -DDEBUG -DUSE_HAL_DRIVER -DSTM32H7A3xxQ -c -I../Core/Inc -I../Drivers/STM32H7xx_HAL_Driver/Inc -I../Drivers/STM32H7xx_HAL_Driver/Inc/Legacy -I../Drivers/CMSIS/Device/ST/STM32H7xx/Include -I../Drivers/CMSIS/Include -O0 -ffunction-sections -fdata-sections -Wall -fstack-usage -fcyclomatic-complexity -MMD -MP -MF"Core/Src/LED_Proc.d" -MT"Core/Src/LED_Proc.o" --specs=nano.specs -mfpu=fpv5-d16 -mfloat-abi=hard -mthumb -o "Core/Src/LED_Proc.o"
arm-none-eabi-gcc "../Core/Src/main.c" -mcpu=cortex-m7 -std=gnu11 -g3 -DDEBUG -DUSE_HAL_DRIVER -DSTM32H7A3xxQ -c -I../Core/Inc -I../Drivers/STM32H7xx_HAL_Driver/Inc -I../Drivers/STM32H7xx_HAL_Driver/Inc/Legacy -I../Drivers/CMSIS/Device/ST/STM32H7xx/Include -I../Drivers/CMSIS/Include -O0 -ffunction-sections -fdata-sections -Wall -fstack-usage -fcyclomatic-complexity -MMD -MP -MF"Core/Src/main.d" -MT"Core/Src/main.o" --specs=nano.specs -mfpu=fpv5-d16 -mfloat-abi=hard -mthumb -o "Core/Src/main.o"
arm-none-eabi-gcc "../Core/Src/stm32h7xx_it.c" -mcpu=cortex-m7 -std=gnu11 -g3 -DDEBUG -DUSE_HAL_DRIVER -DSTM32H7A3xxQ -c -I../Core/Inc -I../Drivers/STM32H7xx_HAL_Driver/Inc -I../Drivers/STM32H7xx_HAL_Driver/Inc/Legacy -I../Drivers/CMSIS/Device/ST/STM32H7xx/Include -I../Drivers/CMSIS/Include -O0 -ffunction-sections -fdata-sections -Wall -fstack-usage -fcyclomatic-complexity -MMD -MP -MF"Core/Src/stm32h7xx_it.d" -MT"Core/Src/stm32h7xx_it.o" --specs=nano.specs -mfpu=fpv5-d16 -mfloat-abi=hard -mthumb -o "Core/Src/stm32h7xx_it.o"
arm-none-eabi-gcc "../Core/Src/tim.c" -mcpu=cortex-m7 -std=gnu11 -g3 -DDEBUG -DUSE_HAL_DRIVER -DSTM32H7A3xxQ -c -I../Core/Inc -I../Drivers/STM32H7xx_HAL_Driver/Inc -I../Drivers/STM32H7xx_HAL_Driver/Inc/Legacy -I../Drivers/CMSIS/Device/ST/STM32H7xx/Include -I../Drivers/CMSIS/Include -O0 -ffunction-sections -fdata-sections -Wall -fstack-usage -fcyclomatic-complexity -MMD -MP -MF"Core/Src/tim.d" -MT"Core/Src/tim.o" --specs=nano.specs -mfpu=fpv5-d16 -mfloat-abi=hard -mthumb -o "Core/Src/tim.o"
arm-none-eabi-gcc "../Core/Src/user.c" -mcpu=cortex-m7 -std=gnu11 -g3 -DDEBUG -DUSE_HAL_DRIVER -DSTM32H7A3xxQ -c -I../Core/Inc -I../Drivers/STM32H7xx_HAL_Driver/Inc -I../Drivers/STM32H7xx_HAL_Driver/Inc/Legacy -I../Drivers/CMSIS/Device/ST/STM32H7xx/Include -I../Drivers/CMSIS/Include -O0 -ffunction-sections -fdata-sections -Wall -fstack-usage -fcyclomatic-complexity -MMD -MP -MF"Core/Src/user.d" -MT"Core/Src/user.o" --specs=nano.specs -mfpu=fpv5-d16 -mfloat-abi=hard -mthumb -o "Core/Src/user.o"
../Core/Src/main.c: In function 'main':
../Core/Src/main.c:98:26: error: 'htim2' undeclared (first use in this function); did you mean 'htim3'?
   98 |   HAL_TIM_Base_Start_IT(&htim2);
      |                          ^~~~~
      |                          htim3
../Core/Src/main.c:98:26: note: each undeclared identifier is reported only once for each function it appears in
../Core/Src/main.c:106:5: warning: implicit declaration of function 'LED_Process' [-Wimplicit-function-declaration]
  106 |     LED_Process();
      |     ^~~~~~~~~~~
make: *** [Core/Src/subdir.mk:52: Core/Src/main.o] Error 1
make: *** Waiting for unfinished jobs....
"make -j16 all" terminated with exit code 2. Build might be incomplete.
17:38:05 **** Incremental Build of configuration Debug for project Nucleo-H7A3ZIQ_Test_01 ****
make -j16 all 
arm-none-eabi-gcc "../Core/Src/main.c" -mcpu=cortex-m7 -std=gnu11 -g3 -DDEBUG -DUSE_HAL_DRIVER -DSTM32H7A3xxQ -c -I../Core/Inc -I../Drivers/STM32H7xx_HAL_Driver/Inc -I../Drivers/STM32H7xx_HAL_Driver/Inc/Legacy -I../Drivers/CMSIS/Device/ST/STM32H7xx/Include -I../Drivers/CMSIS/Include -O0 -ffunction-sections -fdata-sections -Wall -fstack-usage -fcyclomatic-complexity -MMD -MP -MF"Core/Src/main.d" -MT"Core/Src/main.o" --specs=nano.specs -mfpu=fpv5-d16 -mfloat-abi=hard -mthumb -o "Core/Src/main.o"
../Core/Src/main.c: In function 'main':
[...]
arm-none-eabi-gcc "../Core/Src/tim.c" -mcpu=cortex-m7 -std=gnu11 -g3 -DDEBUG -DUSE_HAL_DRIVER -DSTM32H7A3xxQ -c -I../Core/Inc -I../Drivers/STM32H7xx_HAL_Driver/Inc -I../Drivers/STM32H7xx_HAL_Driver/Inc/Legacy -I../Drivers/CMSIS/Device/ST/STM32H7xx/Include -I../Drivers/CMSIS/Include -O0 -ffunction-sections -fdata-sections -Wall -fstack-usage -fcyclomatic-complexity -MMD -MP -MF"Core/Src/tim.d" -MT"Core/Src/tim.o" --specs=nano.specs -mfpu=fpv5-d16 -mfloat-abi=hard -mthumb -o "Core/Src/tim.o"
arm-none-eabi-gcc -o "Nucleo-H7A3ZIQ_Test_01.elf" @"objects.list"   -mcpu=cortex-m7 -T"C:\000. Work\001. FW\Git_Nucleo-H7A3ZIQ\Nucleo-H7A3ZIQ_Test_01\STM32H7A3ZITXQ_FLASH.ld" --specs=nosys.specs -Wl,-Map="Nucleo-H7A3ZIQ_Test_01.map" -Wl,--gc-sections -static --specs=nano.specs -mfpu=fpv5-d16 -mfloat-abi=hard -mthumb -Wl,--start-group -lc -lm -Wl,--end-group
Finished building target: Nucleo-H7A3ZIQ_Test_01.elf
 
arm-none-eabi-size   Nucleo-H7A3ZIQ_Test_01.elf 
arm-none-eabi-objdump -h -S  Nucleo-H7A3ZIQ_Test_01.elf  > "Nucleo-H7A3ZIQ_Test_01.list"
   text	   data	    bss	    dec	    hex	filename
  24384	     24	   1800	  26208	   6660	Nucleo-H7A3ZIQ_Test_01.elf
Finished building: default.size.stdout
 
Finished building: Nucleo-H7A3ZIQ_Test_01.list
 
10:42:02 **** Incremental Build of configuration Debug for project Nucleo-H7A3ZIQ_Test_01 ****
make -j16 all 
arm-none-eabi-size   Nucleo-H7A3ZIQ_Test_01.elf 
   text	   data	    bss	    dec	    hex	filename
  24384	     24	   1800	  26208	   6660	Nucleo-H7A3ZIQ_Test_01.elf
Finished building: default.size.stdout
 
10:49:36 **** Incremental Build of configuration Debug for project Nucleo-H7A3ZIQ_Test_01 ****
make -j16 all 
arm-none-eabi-gcc "../Core/Src/tim.c" -mcpu=cortex-m7 -std=gnu11 -g3 -DDEBUG -DUSE_HAL_DRIVER -DSTM32H7A3xxQ -c -I../Core/Inc -I../Drivers/STM32H7xx_HAL_Driver/Inc -I../Drivers/STM32H7xx_HAL_Driver/Inc/Legacy -I../Drivers/CMSIS/Device/ST/STM32H7xx/Include -I../Drivers/CMSIS/Include -O0 -ffunction-sections -fdata-sections -Wall -fstack-usage -fcyclomatic-complexity -MMD -MP -MF"Core/Src/tim.d" -MT"Core/Src/tim.o" --specs=nano.specs -mfpu=fpv5-d16 -mfloat-abi=hard -mthumb -o "Core/Src/tim.o"
arm-none-eabi-gcc -o "Nucleo-H7A3ZIQ_Test_01.elf" @"objects.list"   -mcpu=cortex-m7 -T"C:\000. Work\001. FW\Git_Nucleo-H7A3ZIQ\Nucleo-H7A3ZIQ_Test_01\STM32H7A3ZITXQ_FLASH.ld" --specs=nosys.specs -Wl,-Map="Nucleo-H7A3ZIQ_Test_01.map" -Wl,--gc-sections -static --specs=nano.specs -mfpu=fpv5-d16 -mfloat-abi=hard -mthumb -Wl,--start-group -lc -lm -Wl,--end-group
Finished building target: Nucleo-H7A3ZIQ_Test_01.elf
 
arm-none-eabi-size   Nucleo-H7A3ZIQ_Test_01.elf 
arm-none-eabi-objdump -h -S  Nucleo-H7A3ZIQ_Test_01.elf  > "Nucleo-H7A3ZIQ_Test_01.list"
   text	   data	    bss	    dec	    hex	filename
  24384	     24	   1800	  26208	   6660	Nucleo-H7A3ZIQ_Test_01.elf
Finished building: default.size.stdout
 
Finished building: Nucleo-H7A3ZIQ_Test_01.list
 
10:49:39 **** Incremental Build of configuration Debug for project Nucleo-H7A3ZIQ_Test_01 ****
make -j16 all 
arm-none-eabi-size   Nucleo-H7A3ZIQ_Test_01.elf 
   text	   data	    bss	    dec	    hex	filename
  24384	     24	   1800	  26208	   6660	Nucleo-H7A3ZIQ_Test_01.elf
Finished building: default.size.stdout
 
10:50:48 **** Incremental Build of configuration Debug for project Nucleo-H7A3ZIQ_Test_01 ****
make -j16 all 
arm-none-eabi-gcc "../Core/Src/tim.c" -mcpu=cortex-m7 -std=gnu11 -g3 -DDEBUG -DUSE_HAL_DRIVER -DSTM32H7A3xxQ -c -I../Core/Inc -I../Drivers/STM32H7xx_HAL_Driver/Inc -I../Drivers/STM32H7xx_HAL_Driver/Inc/Legacy -I../Drivers/CMSIS/Device/ST/STM32H7xx/Include -I../Drivers/CMSIS/Include -O0 -ffunction-sections -fdata-sections -Wall -fstack-usage -fcyclomatic-complexity -MMD -MP -MF"Core/Src/tim.d" -MT"Core/Src/tim.o" --specs=nano.specs -mfpu=fpv5-d16 -mfloat-abi=hard -mthumb -o "Core/Src/tim.o"
arm-none-eabi-gcc -o "Nucleo-H7A3ZIQ_Test_01.elf" @"objects.list"   -mcpu=cortex-m7 -T"C:\000. Work\001. FW\Git_Nucleo-H7A3ZIQ\Nucleo-H7A3ZIQ_Test_01\STM32H7A3ZITXQ_FLASH.ld" --specs=nosys.specs -Wl,-Map="Nucleo-H7A3ZIQ_Test_01.map" -Wl,--gc-sections -static --specs=nano.specs -mfpu=fpv5-d16 -mfloat-abi=hard -mthumb -Wl,--start-group -lc -lm -Wl,--end-group
Finished building target: Nucleo-H7A3ZIQ_Test_01.elf
 
arm-none-eabi-size   Nucleo-H7A3ZIQ_Test_01.elf 
arm-none-eabi-objdump -h -S  Nucleo-H7A3ZIQ_Test_01.elf  > "Nucleo-H7A3ZIQ_Test_01.list"
   text	   data	    bss	    dec	    hex	filename
  24384	     24	   1800	  26208	   6660	Nucleo-H7A3ZIQ_Test_01.elf
Finished building: default.size.stdout
 
Finished building: Nucleo-H7A3ZIQ_Test_01.list
 
10:50:51 **** Incremental Build of configuration Debug for project Nucleo-H7A3ZIQ_Test_01 ****
make -j16 all 
arm-none-eabi-size   Nucleo-H7A3ZIQ_Test_01.elf 
   text	   data	    bss	    dec	    hex	filename
  24384	     24	   1800	  26208	   6660	Nucleo-H7A3ZIQ_Test_01.elf
Finished building: default.size.stdout
 
10:52:42 **** Incremental Build of configuration Debug for project Nucleo-H7A3ZIQ_Test_01 ****
make -j16 all 
arm-none-eabi-gcc "../Core/Src/tim.c" -mcpu=cortex-m7 -std=gnu11 -g3 -DDEBUG -DUSE_HAL_DRIVER -DSTM32H7A3xxQ -c -I../Core/Inc -I../Drivers/STM32H7xx_HAL_Driver/Inc -I../Drivers/STM32H7xx_HAL_Driver/Inc/Legacy -I../Drivers/CMSIS/Device/ST/STM32H7xx/Include -I../Drivers/CMSIS/Include -O0 -ffunction-sections -fdata-sections -Wall -fstack-usage -fcyclomatic-complexity -MMD -MP -MF"Core/Src/tim.d" -MT"Core/Src/tim.o" --specs=nano.specs -mfpu=fpv5-d16 -mfloat-abi=hard -mthumb -o "Core/Src/tim.o"
arm-none-eabi-gcc -o "Nucleo-H7A3ZIQ_Test_01.elf" @"objects.list"   -mcpu=cortex-m7 -T"C:\000. Work\001. FW\Git_Nucleo-H7A3ZIQ\Nucleo-H7A3ZIQ_Test_01\STM32H7A3ZITXQ_FLASH.ld" --specs=nosys.specs -Wl,-Map="Nucleo-H7A3ZIQ_Test_01.map" -Wl,--gc-sections -static --specs=nano.specs -mfpu=fpv5-d16 -mfloat-abi=hard -mthumb -Wl,--start-group -lc -lm -Wl,--end-group
Finished building target: Nucleo-H7A3ZIQ_Test_01.elf
 
arm-none-eabi-size   Nucleo-H7A3ZIQ_Test_01.elf 
arm-none-eabi-objdump -h -S  Nucleo-H7A3ZIQ_Test_01.elf  > "Nucleo-H7A3ZIQ_Test_01.list"
   text	   data	    bss	    dec	    hex	filename
  24380	     24	   1800	  26204	   665c	Nucleo-H7A3ZIQ_Test_01.elf
Finished building: default.size.stdout
 
Finished building: Nucleo-H7A3ZIQ_Test_01.list
 
10:52:45 **** Incremental Build of configuration Debug for project Nucleo-H7A3ZIQ_Test_01 ****
make -j16 all 
arm-none-eabi-size   Nucleo-H7A3ZIQ_Test_01.elf 
   text	   data	    bss	    dec	    hex	filename
  24380	     24	   1800	  26204	   665c	Nucleo-H7A3ZIQ_Test_01.elf
Finished building: default.size.stdout
 
10:53:41 **** Incremental Build of configuration Debug for project Nucleo-H7A3ZIQ_Test_01 ****
make -j16 all 
arm-none-eabi-gcc "../Core/Src/tim.c" -mcpu=cortex-m7 -std=gnu11 -g3 -DDEBUG -DUSE_HAL_DRIVER -DSTM32H7A3xxQ -c -I../Core/Inc -I../Drivers/STM32H7xx_HAL_Driver/Inc -I../Drivers/STM32H7xx_HAL_Driver/Inc/Legacy -I../Drivers/CMSIS/Device/ST/STM32H7xx/Include -I../Drivers/CMSIS/Include -O0 -ffunction-sections -fdata-sections -Wall -fstack-usage -fcyclomatic-complexity -MMD -MP -MF"Core/Src/tim.d" -MT"Core/Src/tim.o" --specs=nano.specs -mfpu=fpv5-d16 -mfloat-abi=hard -mthumb -o "Core/Src/tim.o"
arm-none-eabi-gcc -o "Nucleo-H7A3ZIQ_Test_01.elf" @"objects.list"   -mcpu=cortex-m7 -T"C:\000. Work\001. FW\Git_Nucleo-H7A3ZIQ\Nucleo-H7A3ZIQ_Test_01\STM32H7A3ZITXQ_FLASH.ld" --specs=nosys.specs -Wl,-Map="Nucleo-H7A3ZIQ_Test_01.map" -Wl,--gc-sections -static --specs=nano.specs -mfpu=fpv5-d16 -mfloat-abi=hard -mthumb -Wl,--start-group -lc -lm -Wl,--end-group
Finished building target: Nucleo-H7A3ZIQ_Test_01.elf
 
arm-none-eabi-size   Nucleo-H7A3ZIQ_Test_01.elf 
arm-none-eabi-objdump -h -S  Nucleo-H7A3ZIQ_Test_01.elf  > "Nucleo-H7A3ZIQ_Test_01.list"
   text	   data	    bss	    dec	    hex	filename
  24384	     24	   1800	  26208	   6660	Nucleo-H7A3ZIQ_Test_01.elf
Finished building: default.size.stdout
 
Finished building: Nucleo-H7A3ZIQ_Test_01.list
 
10:53:44 **** Incremental Build of configuration Debug for project Nucleo-H7A3ZIQ_Test_01 ****
make -j16 all 
arm-none-eabi-size   Nucleo-H7A3ZIQ_Test_01.elf 
   text	   data	    bss	    dec	    hex	filename
  24384	     24	   1800	  26208	   6660	Nucleo-H7A3ZIQ_Test_01.elf
Finished building: default.size.stdout
 
10:57:11 **** Incremental Build of configuration Debug for project Nucleo-H7A3ZIQ_Test_01 ****
make -j16 all 
arm-none-eabi-gcc "../Core/Src/LED_Proc.c" -mcpu=cortex-m7 -std=gnu11 -g3 -DDEBUG -DUSE_HAL_DRIVER -DSTM32H7A3xxQ -c -I../Core/Inc -I../Drivers/STM32H7xx_HAL_Driver/Inc -I../Drivers/STM32H7xx_HAL_Driver/Inc/Legacy -I../Drivers/CMSIS/Device/ST/STM32H7xx/Include -I../Drivers/CMSIS/Include -O0 -ffunction-sections -fdata-sections -Wall -fstack-usage -fcyclomatic-complexity -MMD -MP -MF"Core/Src/LED_Proc.d" -MT"Core/Src/LED_Proc.o" --specs=nano.specs -mfpu=fpv5-d16 -mfloat-abi=hard -mthumb -o "Core/Src/LED_Proc.o"
arm-none-eabi-gcc "../Core/Src/tim.c" -mcpu=cortex-m7 -std=gnu11 -g3 -DDEBUG -DUSE_HAL_DRIVER -DSTM32H7A3xxQ -c -I../Core/Inc -I../Drivers/STM32H7xx_HAL_Driver/Inc -I../Drivers/STM32H7xx_HAL_Driver/Inc/Legacy -I../Drivers/CMSIS/Device/ST/STM32H7xx/Include -I../Drivers/CMSIS/Include -O0 -ffunction-sections -fdata-sections -Wall -fstack-usage -fcyclomatic-complexity -MMD -MP -MF"Core/Src/tim.d" -MT"Core/Src/tim.o" --specs=nano.specs -mfpu=fpv5-d16 -mfloat-abi=hard -mthumb -o "Core/Src/tim.o"
arm-none-eabi-gcc -o "Nucleo-H7A3ZIQ_Test_01.elf" @"objects.list"   -mcpu=cortex-m7 -T"C:\000. Work\001. FW\Git_Nucleo-H7A3ZIQ\Nucleo-H7A3ZIQ_Test_01\STM32H7A3ZITXQ_FLASH.ld" --specs=nosys.specs -Wl,-Map="Nucleo-H7A3ZIQ_Test_01.map" -Wl,--gc-sections -static --specs=nano.specs -mfpu=fpv5-d16 -mfloat-abi=hard -mthumb -Wl,--start-group -lc -lm -Wl,--end-group
Finished building target: Nucleo-H7A3ZIQ_Test_01.elf
 
arm-none-eabi-size   Nucleo-H7A3ZIQ_Test_01.elf 
arm-none-eabi-objdump -h -S  Nucleo-H7A3ZIQ_Test_01.elf  > "Nucleo-H7A3ZIQ_Test_01.list"
   text	   data	    bss	    dec	    hex	filename
  24380	     24	   1800	  26204	   665c	Nucleo-H7A3ZIQ_Test_01.elf
Finished building: default.size.stdout
 
Finished building: Nucleo-H7A3ZIQ_Test_01.list
 
10:57:16 **** Incremental Build of configuration Debug for project Nucleo-H7A3ZIQ_Test_01 ****
make -j16 all 
arm-none-eabi-size   Nucleo-H7A3ZIQ_Test_01.elf 
   text	   data	    bss	    dec	    hex	filename
  24380	     24	   1800	  26204	   665c	Nucleo-H7A3ZIQ_Test_01.elf
Finished building: default.size.stdout
 
11:00:04 **** Incremental Build of configuration Debug for project Nucleo-H7A3ZIQ_Test_01 ****
make -j16 all 
arm-none-eabi-gcc "../Core/Src/LED_Proc.c" -mcpu=cortex-m7 -std=gnu11 -g3 -DDEBUG -DUSE_HAL_DRIVER -DSTM32H7A3xxQ -c -I../Core/Inc -I../Drivers/STM32H7xx_HAL_Driver/Inc -I../Drivers/STM32H7xx_HAL_Driver/Inc/Legacy -I../Drivers/CMSIS/Device/ST/STM32H7xx/Include -I../Drivers/CMSIS/Include -O0 -ffunction-sections -fdata-sections -Wall -fstack-usage -fcyclomatic-complexity -MMD -MP -MF"Core/Src/LED_Proc.d" -MT"Core/Src/LED_Proc.o" --specs=nano.specs -mfpu=fpv5-d16 -mfloat-abi=hard -mthumb -o "Core/Src/LED_Proc.o"
arm-none-eabi-gcc "../Core/Src/main.c" -mcpu=cortex-m7 -std=gnu11 -g3 -DDEBUG -DUSE_HAL_DRIVER -DSTM32H7A3xxQ -c -I../Core/Inc -I../Drivers/STM32H7xx_HAL_Driver/Inc -I../Drivers/STM32H7xx_HAL_Driver/Inc/Legacy -I../Drivers/CMSIS/Device/ST/STM32H7xx/Include -I../Drivers/CMSIS/Include -O0 -ffunction-sections -fdata-sections -Wall -fstack-usage -fcyclomatic-complexity -MMD -MP -MF"Core/Src/main.d" -MT"Core/Src/main.o" --specs=nano.specs -mfpu=fpv5-d16 -mfloat-abi=hard -mthumb -o "Core/Src/main.o"
arm-none-eabi-gcc "../Core/Src/stm32h7xx_it.c" -mcpu=cortex-m7 -std=gnu11 -g3 -DDEBUG -DUSE_HAL_DRIVER -DSTM32H7A3xxQ -c -I../Core/Inc -I../Drivers/STM32H7xx_HAL_Driver/Inc -I../Drivers/STM32H7xx_HAL_Driver/Inc/Legacy -I../Drivers/CMSIS/Device/ST/STM32H7xx/Include -I../Drivers/CMSIS/Include -O0 -ffunction-sections -fdata-sections -Wall -fstack-usage -fcyclomatic-complexity -MMD -MP -MF"Core/Src/stm32h7xx_it.d" -MT"Core/Src/stm32h7xx_it.o" --specs=nano.specs -mfpu=fpv5-d16 -mfloat-abi=hard -mthumb -o "Core/Src/stm32h7xx_it.o"
arm-none-eabi-gcc "../Core/Src/tim.c" -mcpu=cortex-m7 -std=gnu11 -g3 -DDEBUG -DUSE_HAL_DRIVER -DSTM32H7A3xxQ -c -I../Core/Inc -I../Drivers/STM32H7xx_HAL_Driver/Inc -I../Drivers/STM32H7xx_HAL_Driver/Inc/Legacy -I../Drivers/CMSIS/Device/ST/STM32H7xx/Include -I../Drivers/CMSIS/Include -O0 -ffunction-sections -fdata-sections -Wall -fstack-usage -fcyclomatic-complexity -MMD -MP -MF"Core/Src/tim.d" -MT"Core/Src/tim.o" --specs=nano.specs -mfpu=fpv5-d16 -mfloat-abi=hard -mthumb -o "Core/Src/tim.o"
arm-none-eabi-gcc "../Core/Src/user.c" -mcpu=cortex-m7 -std=gnu11 -g3 -DDEBUG -DUSE_HAL_DRIVER -DSTM32H7A3xxQ -c -I../Core/Inc -I../Drivers/STM32H7xx_HAL_Driver/Inc -I../Drivers/STM32H7xx_HAL_Driver/Inc/Legacy -I../Drivers/CMSIS/Device/ST/STM32H7xx/Include -I../Drivers/CMSIS/Include -O0 -ffunction-sections -fdata-sections -Wall -fstack-usage -fcyclomatic-complexity -MMD -MP -MF"Core/Src/user.d" -MT"Core/Src/user.o" --specs=nano.specs -mfpu=fpv5-d16 -mfloat-abi=hard -mthumb -o "Core/Src/user.o"
../Core/Src/main.c: In function 'main':
../Core/Src/main.c:106:5: warning: implicit declaration of function 'LED_Process' [-Wimplicit-function-declaration]
  106 |     LED_Process();
      |     ^~~~~~~~~~~
arm-none-eabi-gcc -o "Nucleo-H7A3ZIQ_Test_01.elf" @"objects.list"   -mcpu=cortex-m7 -T"C:\000. Work\001. FW\Git_Nucleo-H7A3ZIQ\Nucleo-H7A3ZIQ_Test_01\STM32H7A3ZITXQ_FLASH.ld" --specs=nosys.specs -Wl,-Map="Nucleo-H7A3ZIQ_Test_01.map" -Wl,--gc-sections -static --specs=nano.specs -mfpu=fpv5-d16 -mfloat-abi=hard -mthumb -Wl,--start-group -lc -lm -Wl,--end-group
Finished building target: Nucleo-H7A3ZIQ_Test_01.elf
 
arm-none-eabi-size   Nucleo-H7A3ZIQ_Test_01.elf 
arm-none-eabi-objdump -h -S  Nucleo-H7A3ZIQ_Test_01.elf  > "Nucleo-H7A3ZIQ_Test_01.list"
   text	   data	    bss	    dec	    hex	filename
  24676	     24	   1880	  26580	   67d4	Nucleo-H7A3ZIQ_Test_01.elf
Finished building: default.size.stdout
 
Finished building: Nucleo-H7A3ZIQ_Test_01.list
 
11:00:07 **** Incremental Build of configuration Debug for project Nucleo-H7A3ZIQ_Test_01 ****
make -j16 all 
arm-none-eabi-size   Nucleo-H7A3ZIQ_Test_01.elf 
   text	   data	    bss	    dec	    hex	filename
  24676	     24	   1880	  26580	   67d4	Nucleo-H7A3ZIQ_Test_01.elf
Finished building: default.size.stdout
 
11:00:26 **** Incremental Build of configuration Debug for project Nucleo-H7A3ZIQ_Test_01 ****
make -j16 all 
arm-none-eabi-gcc "../Core/Src/LED_Proc.c" -mcpu=cortex-m7 -std=gnu11 -g3 -DDEBUG -DUSE_HAL_DRIVER -DSTM32H7A3xxQ -c -I../Core/Inc -I../Drivers/STM32H7xx_HAL_Driver/Inc -I../Drivers/STM32H7xx_HAL_Driver/Inc/Legacy -I../Drivers/CMSIS/Device/ST/STM32H7xx/Include -I../Drivers/CMSIS/Include -O0 -ffunction-sections -fdata-sections -Wall -fstack-usage -fcyclomatic-complexity -MMD -MP -MF"Core/Src/LED_Proc.d" -MT"Core/Src/LED_Proc.o" --specs=nano.specs -mfpu=fpv5-d16 -mfloat-abi=hard -mthumb -o "Core/Src/LED_Proc.o"
arm-none-eabi-gcc -o "Nucleo-H7A3ZIQ_Test_01.elf" @"objects.list"   -mcpu=cortex-m7 -T"C:\000. Work\001. FW\Git_Nucleo-H7A3ZIQ\Nucleo-H7A3ZIQ_Test_01\STM32H7A3ZITXQ_FLASH.ld" --specs=nosys.specs -Wl,-Map="Nucleo-H7A3ZIQ_Test_01.map" -Wl,--gc-sections -static --specs=nano.specs -mfpu=fpv5-d16 -mfloat-abi=hard -mthumb -Wl,--start-group -lc -lm -Wl,--end-group
Finished building target: Nucleo-H7A3ZIQ_Test_01.elf
 
arm-none-eabi-size   Nucleo-H7A3ZIQ_Test_01.elf 
arm-none-eabi-objdump -h -S  Nucleo-H7A3ZIQ_Test_01.elf  > "Nucleo-H7A3ZIQ_Test_01.list"
   text	   data	    bss	    dec	    hex	filename
  24684	     24	   1880	  26588	   67dc	Nucleo-H7A3ZIQ_Test_01.elf
Finished building: default.size.stdout
 
Finished building: Nucleo-H7A3ZIQ_Test_01.list
 
11:00:28 **** Incremental Build of configuration Debug for project Nucleo-H7A3ZIQ_Test_01 ****
make -j16 all 
arm-none-eabi-size   Nucleo-H7A3ZIQ_Test_01.elf 
   text	   data	    bss	    dec	    hex	filename
  24684	     24	   1880	  26588	   67dc	Nucleo-H7A3ZIQ_Test_01.elf
Finished building: default.size.stdout
 
11:01:09 **** Incremental Build of configuration Debug for project Nucleo-H7A3ZIQ_Test_01 ****
make -j16 all 
arm-none-eabi-gcc "../Core/Src/main.c" -mcpu=cortex-m7 -std=gnu11 -g3 -DDEBUG -DUSE_HAL_DRIVER -DSTM32H7A3xxQ -c -I../Core/Inc -I../Drivers/STM32H7xx_HAL_Driver/Inc -I../Drivers/STM32H7xx_HAL_Driver/Inc/Legacy -I../Drivers/CMSIS/Device/ST/STM32H7xx/Include -I../Drivers/CMSIS/Include -O0 -ffunction-sections -fdata-sections -Wall -fstack-usage -fcyclomatic-complexity -MMD -MP -MF"Core/Src/main.d" -MT"Core/Src/main.o" --specs=nano.specs -mfpu=fpv5-d16 -mfloat-abi=hard -mthumb -o "Core/Src/main.o"
../Core/Src/main.c: In function 'main':
../Core/Src/main.c:106:5: warning: implicit declaration of function 'LED_Process' [-Wimplicit-function-declaration]
  106 |     LED_Process();
      |     ^~~~~~~~~~~
arm-none-eabi-gcc -o "Nucleo-H7A3ZIQ_Test_01.elf" @"objects.list"   -mcpu=cortex-m7 -T"C:\000. Work\001. FW\Git_Nucleo-H7A3ZIQ\Nucleo-H7A3ZIQ_Test_01\STM32H7A3ZITXQ_FLASH.ld" --specs=nosys.specs -Wl,-Map="Nucleo-H7A3ZIQ_Test_01.map" -Wl,--gc-sections -static --specs=nano.specs -mfpu=fpv5-d16 -mfloat-abi=hard -mthumb -Wl,--start-group -lc -lm -Wl,--end-group
Finished building target: Nucleo-H7A3ZIQ_Test_01.elf
 
arm-none-eabi-size   Nucleo-H7A3ZIQ_Test_01.elf 
arm-none-eabi-objdump -h -S  Nucleo-H7A3ZIQ_Test_01.elf  > "Nucleo-H7A3ZIQ_Test_01.list"
   text	   data	    bss	    dec	    hex	filename
  24696	     24	   1880	  26600	   67e8	Nucleo-H7A3ZIQ_Test_01.elf
Finished building: default.size.stdout
 
Finished building: Nucleo-H7A3ZIQ_Test_01.list
 
11:01:11 **** Incremental Build of configuration Debug for project Nucleo-H7A3ZIQ_Test_01 ****
make -j16 all 
arm-none-eabi-size   Nucleo-H7A3ZIQ_Test_01.elf 
   text	   data	    bss	    dec	    hex	filename
  24696	     24	   1880	  26600	   67e8	Nucleo-H7A3ZIQ_Test_01.elf
Finished building: default.size.stdout
 
11:01:57 **** Incremental Build of configuration Debug for project Nucleo-H7A3ZIQ_Test_01 ****
make -j16 all 
arm-none-eabi-gcc "../Core/Src/LED_Proc.c" -mcpu=cortex-m7 -std=gnu11 -g3 -DDEBUG -DUSE_HAL_DRIVER -DSTM32H7A3xxQ -c -I../Core/Inc -I../Drivers/STM32H7xx_HAL_Driver/Inc -I../Drivers/STM32H7xx_HAL_Driver/Inc/Legacy -I../Drivers/CMSIS/Device/ST/STM32H7xx/Include -I../Drivers/CMSIS/Include -O0 -ffunction-sections -fdata-sections -Wall -fstack-usage -fcyclomatic-complexity -MMD -MP -MF"Core/Src/LED_Proc.d" -MT"Core/Src/LED_Proc.o" --specs=nano.specs -mfpu=fpv5-d16 -mfloat-abi=hard -mthumb -o "Core/Src/LED_Proc.o"
arm-none-eabi-gcc -o "Nucleo-H7A3ZIQ_Test_01.elf" @"objects.list"   -mcpu=cortex-m7 -T"C:\000. Work\001. FW\Git_Nucleo-H7A3ZIQ\Nucleo-H7A3ZIQ_Test_01\STM32H7A3ZITXQ_FLASH.ld" --specs=nosys.specs -Wl,-Map="Nucleo-H7A3ZIQ_Test_01.map" -Wl,--gc-sections -static --specs=nano.specs -mfpu=fpv5-d16 -mfloat-abi=hard -mthumb -Wl,--start-group -lc -lm -Wl,--end-group
Finished building target: Nucleo-H7A3ZIQ_Test_01.elf
 
arm-none-eabi-size   Nucleo-H7A3ZIQ_Test_01.elf 
arm-none-eabi-objdump -h -S  Nucleo-H7A3ZIQ_Test_01.elf  > "Nucleo-H7A3ZIQ_Test_01.list"
   text	   data	    bss	    dec	    hex	filename
  24696	     24	   1880	  26600	   67e8	Nucleo-H7A3ZIQ_Test_01.elf
Finished building: default.size.stdout
 
Finished building: Nucleo-H7A3ZIQ_Test_01.list
 
11:01:59 **** Incremental Build of configuration Debug for project Nucleo-H7A3ZIQ_Test_01 ****
make -j16 all 
arm-none-eabi-size   Nucleo-H7A3ZIQ_Test_01.elf 
   text	   data	    bss	    dec	    hex	filename
  24696	     24	   1880	  26600	   67e8	Nucleo-H7A3ZIQ_Test_01.elf
Finished building: default.size.stdout
 
